Archive member included to satisfy reference by file (symbol)

/soft64/Imperas.20210408/lib/Linux64/CrossCompiler/riscv-none-embed/bin/../lib/gcc/riscv-none-embed/8.1.0/../../../../riscv-none-embed/lib/rv32im/ilp32/libg_nano.a(lib_a-sysisatty.o)
                              ./riscv_hal/syscall.o (isatty)
/soft64/Imperas.20210408/lib/Linux64/CrossCompiler/riscv-none-embed/bin/../lib/gcc/riscv-none-embed/8.1.0/../../../../riscv-none-embed/lib/rv32im/ilp32/libg_nano.a(lib_a-syswrite.o)
                              ./riscv_hal/riscv_hal.o (write)
/soft64/Imperas.20210408/lib/Linux64/CrossCompiler/riscv-none-embed/bin/../lib/gcc/riscv-none-embed/8.1.0/../../../../riscv-none-embed/lib/rv32im/ilp32/libg_nano.a(lib_a-writer.o)
                              /soft64/Imperas.20210408/lib/Linux64/CrossCompiler/riscv-none-embed/bin/../lib/gcc/riscv-none-embed/8.1.0/../../../../riscv-none-embed/lib/rv32im/ilp32/libg_nano.a(lib_a-syswrite.o) (_write_r)
/soft64/Imperas.20210408/lib/Linux64/CrossCompiler/riscv-none-embed/bin/../lib/gcc/riscv-none-embed/8.1.0/../../../../riscv-none-embed/lib/rv32im/ilp32/libg_nano.a(lib_a-impure.o)
                              /soft64/Imperas.20210408/lib/Linux64/CrossCompiler/riscv-none-embed/bin/../lib/gcc/riscv-none-embed/8.1.0/../../../../riscv-none-embed/lib/rv32im/ilp32/libg_nano.a(lib_a-syswrite.o) (_impure_ptr)

Allocating common symbols
Common symbol       size              file

SendingSlot         0x4               ./riscv_hal/riscv_hal.o
errno               0x4               ./riscv_hal/syscall.o
ServicePipe         0xf0              ./riscv_hal/riscv_hal.o
g_uart              0x8               ./main.o
xQueueRegistry      0x40              ./FreeRTOS/queue.o
incommingPacket     0x234             ./riscv_hal/riscv_hal.o
TaskList            0xc8              ./main.o
SendingQueue        0x20              ./riscv_hal/riscv_hal.o
SendingQueue_tail   0x4               ./riscv_hal/riscv_hal.o
SendingQueue_front  0x4               ./riscv_hal/riscv_hal.o
ProcessorAddr       0x4               ./main.o
MessagePipe         0x900             ./riscv_hal/riscv_hal.o

Discarded input sections

 .text          0x0000000000000000        0x0 ./riscv_hal/entry.o
 .data          0x0000000000000000        0x0 ./riscv_hal/entry.o
 .bss           0x0000000000000000        0x0 ./riscv_hal/entry.o
 .group         0x0000000000000000        0xc ./riscv_hal/init.o
 .group         0x0000000000000000        0xc ./riscv_hal/init.o
 .group         0x0000000000000000        0xc ./riscv_hal/init.o
 .group         0x0000000000000000        0xc ./riscv_hal/init.o
 .group         0x0000000000000000        0xc ./riscv_hal/init.o
 .group         0x0000000000000000        0xc ./riscv_hal/init.o
 .group         0x0000000000000000        0xc ./riscv_hal/init.o
 .group         0x0000000000000000        0xc ./riscv_hal/init.o
 .group         0x0000000000000000        0xc ./riscv_hal/init.o
 .group         0x0000000000000000        0xc ./riscv_hal/init.o
 .group         0x0000000000000000        0xc ./riscv_hal/init.o
 .group         0x0000000000000000        0xc ./riscv_hal/init.o
 .group         0x0000000000000000        0xc ./riscv_hal/init.o
 .group         0x0000000000000000        0xc ./riscv_hal/init.o
 .group         0x0000000000000000        0xc ./riscv_hal/init.o
 .group         0x0000000000000000        0xc ./riscv_hal/init.o
 .group         0x0000000000000000        0xc ./riscv_hal/init.o
 .group         0x0000000000000000        0xc ./riscv_hal/init.o
 .group         0x0000000000000000        0xc ./riscv_hal/init.o
 .group         0x0000000000000000        0xc ./riscv_hal/init.o
 .group         0x0000000000000000        0xc ./riscv_hal/init.o
 .group         0x0000000000000000        0xc ./riscv_hal/init.o
 .group         0x0000000000000000        0xc ./riscv_hal/init.o
 .group         0x0000000000000000        0xc ./riscv_hal/init.o
 .group         0x0000000000000000        0xc ./riscv_hal/init.o
 .group         0x0000000000000000        0xc ./riscv_hal/init.o
 .group         0x0000000000000000        0xc ./riscv_hal/init.o
 .group         0x0000000000000000        0xc ./riscv_hal/init.o
 .group         0x0000000000000000        0xc ./riscv_hal/init.o
 .group         0x0000000000000000        0xc ./riscv_hal/init.o
 .group         0x0000000000000000        0xc ./riscv_hal/init.o
 .group         0x0000000000000000        0xc ./riscv_hal/init.o
 .group         0x0000000000000000        0xc ./riscv_hal/init.o
 .group         0x0000000000000000        0xc ./riscv_hal/init.o
 .group         0x0000000000000000        0xc ./riscv_hal/init.o
 .text          0x0000000000000000        0x0 ./riscv_hal/init.o
 .data          0x0000000000000000        0x0 ./riscv_hal/init.o
 .bss           0x0000000000000000        0x0 ./riscv_hal/init.o
 .text.copy_section
                0x0000000000000000       0x60 ./riscv_hal/init.o
 .group         0x0000000000000000        0xc ./riscv_hal/riscv_hal.o
[...]
Memory Configuration

Name             Origin             Length             Attributes
ram              0x0000000080000000 0x0000000000080000 xrw
*default*        0x0000000000000000 0xffffffffffffffff

Linker script and memory map

LOAD ./riscv_hal/entry.o
LOAD ./riscv_hal/init.o
LOAD ./riscv_hal/riscv_hal.o
LOAD ./riscv_hal/riscv_hal_stubs.o
LOAD ./riscv_hal/syscall.o
LOAD ./hal/hal_irq.o
LOAD ./hal/hw_reg_access.o
LOAD ./drivers/CoreUARTapb/core_uart_apb.o
LOAD ./drivers/CoreTimer/core_timer.o
LOAD ./drivers/CoreI2C/core_i2c.o
LOAD ./drivers/CoreI2C/i2c_interrupt.o
LOAD ./drivers/CoreGPIO/core_gpio.o
LOAD ./drivers/Core16550/core_16550.o
LOAD ./FreeRTOS/portable/MemMang/heap_2.o
LOAD ./FreeRTOS/portable/GCC/RISCV/port.o
LOAD ./FreeRTOS/portable/GCC/RISCV/portasm.o
LOAD ./FreeRTOS/croutine.o
LOAD ./FreeRTOS/event_groups.o
LOAD ./FreeRTOS/list.o
LOAD ./FreeRTOS/queue.o
LOAD ./FreeRTOS/string.o
LOAD ./FreeRTOS/tasks.o
LOAD ./FreeRTOS/timers.o
LOAD ./FreeRTOS/chronos.o
LOAD ./FreeRTOS/applications.o
LOAD ./FreeRTOS/system_call.o
LOAD ./FreeRTOS/packet.o
LOAD ./FreeRTOS/globalMaster.o
LOAD ./main.o
LOAD /soft64/Imperas.20210408/lib/Linux64/CrossCompiler/riscv-none-embed/bin/../lib/gcc/riscv-none-embed/8.1.0/rv32im/ilp32/libgcc.a
LOAD /soft64/Imperas.20210408/lib/Linux64/CrossCompiler/riscv-none-embed/bin/../lib/gcc/riscv-none-embed/8.1.0/../../../../riscv-none-embed/lib/rv32im/ilp32/libg_nano.a
LOAD /soft64/Imperas.20210408/lib/Linux64/CrossCompiler/riscv-none-embed/bin/../lib/gcc/riscv-none-embed/8.1.0/../../../../riscv-none-embed/lib/rv32im/ilp32/libc_nano.a
LOAD /soft64/Imperas.20210408/lib/Linux64/CrossCompiler/riscv-none-embed/bin/../lib/gcc/riscv-none-embed/8.1.0/rv32im/ilp32/libgcc.a
START GROUP
LOAD /soft64/Imperas.20210408/lib/Linux64/CrossCompiler/riscv-none-embed/bin/../lib/gcc/riscv-none-embed/8.1.0/rv32im/ilp32/libgcc.a
LOAD /soft64/Imperas.20210408/lib/Linux64/CrossCompiler/riscv-none-embed/bin/../lib/gcc/riscv-none-embed/8.1.0/../../../../riscv-none-embed/lib/rv32im/ilp32/libc_nano.a
END GROUP
                0x0000000080000000                RAM_START_ADDRESS = 0x80000000
                0x0000000000080000                RAM_SIZE = 0x80000
                0x0000000000010000                STACK_SIZE = 0x10000
                0x0000000000010000                HEAP_SIZE = 0x10000

.text           0x0000000080000000     0x3d10
 *(SORT_NONE(.text.entry))
 .text.entry    0x0000000080000000      0x15c ./riscv_hal/entry.o
                0x0000000080000000                _start
                0x0000000080000160                . = ALIGN (0x10)
 *fill*         0x000000008000015c        0x4 
 *(.text .text.* .gnu.linkonce.t.*)
 .text.zero_section
                0x0000000080000160       0x50 ./riscv_hal/init.o
 .text._init    0x00000000800001b0       0x6c ./riscv_hal/init.o
                0x00000000800001b0                _init
 .text._fini    0x000000008000021c       0x1c ./riscv_hal/init.o
                0x000000008000021c                _fini
 .text.PLIC_DisableIRQ
                0x0000000080000238       0xb8 ./riscv_hal/riscv_hal.o
 .text.PLIC_ClaimIRQ
                0x00000000800002f0       0x44 ./riscv_hal/riscv_hal.o
 .text.PLIC_CompleteIRQ
                0x0000000080000334       0x4c ./riscv_hal/riscv_hal.o
 .text.__enable_irq
                0x0000000080000380       0x24 ./riscv_hal/riscv_hal.o
                0x0000000080000380                __enable_irq
 .text.handle_m_timer_interrupt
                0x00000000800003a4       0xa8 ./riscv_hal/riscv_hal.o
                0x00000000800003a4                handle_m_timer_interrupt
 .text.handle_m_ext_interrupt
                0x000000008000044c       0x70 ./riscv_hal/riscv_hal.o
                0x000000008000044c                handle_m_ext_interrupt
 .text.handle_m_soft_interrupt
                0x00000000800004bc       0x30 ./riscv_hal/riscv_hal.o
                0x00000000800004bc                handle_m_soft_interrupt
 .text.handle_syscall
                0x00000000800004ec      0x1fc ./riscv_hal/riscv_hal.o
                0x00000000800004ec                handle_syscall
 .text.handle_trap
                0x00000000800006e8      0x110 ./riscv_hal/riscv_hal.o
                0x00000000800006e8                handle_trap
 .text.Invalid_IRQHandler
                0x00000000800007f8       0x20 ./riscv_hal/riscv_hal_stubs.o
                0x00000000800007f8                Invalid_IRQHandler
 .text.External_3_IRQHandler
                0x0000000080000818       0x20 ./riscv_hal/riscv_hal_stubs.o
                0x0000000080000818                External_3_IRQHandler
 .text.External_4_IRQHandler
                0x0000000080000838       0x20 ./riscv_hal/riscv_hal_stubs.o
                0x0000000080000838                External_4_IRQHandler
 .text.External_5_IRQHandler
                0x0000000080000858       0x20 ./riscv_hal/riscv_hal_stubs.o
                0x0000000080000858                External_5_IRQHandler
 .text.External_6_IRQHandler
                0x0000000080000878       0x20 ./riscv_hal/riscv_hal_stubs.o
                0x0000000080000878                External_6_IRQHandler
 .text.External_7_IRQHandler
                0x0000000080000898       0x20 ./riscv_hal/riscv_hal_stubs.o
                0x0000000080000898                External_7_IRQHandler
 .text.External_8_IRQHandler
                0x00000000800008b8       0x20 ./riscv_hal/riscv_hal_stubs.o
                0x00000000800008b8                External_8_IRQHandler
 .text.External_9_IRQHandler
                0x00000000800008d8       0x20 ./riscv_hal/riscv_hal_stubs.o
                0x00000000800008d8                External_9_IRQHandler
 .text.External_10_IRQHandler
                0x00000000800008f8       0x20 ./riscv_hal/riscv_hal_stubs.o
                0x00000000800008f8                External_10_IRQHandler
 .text.External_11_IRQHandler
                0x0000000080000918       0x20 ./riscv_hal/riscv_hal_stubs.o
                0x0000000080000918                External_11_IRQHandler
 .text.External_12_IRQHandler
                0x0000000080000938       0x20 ./riscv_hal/riscv_hal_stubs.o
                0x0000000080000938                External_12_IRQHandler
 .text.External_13_IRQHandler
                0x0000000080000958       0x20 ./riscv_hal/riscv_hal_stubs.o
                0x0000000080000958                External_13_IRQHandler
 .text.External_14_IRQHandler
                0x0000000080000978       0x20 ./riscv_hal/riscv_hal_stubs.o
                0x0000000080000978                External_14_IRQHandler
 .text.External_15_IRQHandler
                0x0000000080000998       0x20 ./riscv_hal/riscv_hal_stubs.o
                0x0000000080000998                External_15_IRQHandler
 .text.External_16_IRQHandler
                0x00000000800009b8       0x20 ./riscv_hal/riscv_hal_stubs.o
                0x00000000800009b8                External_16_IRQHandler
 .text.External_17_IRQHandler
                0x00000000800009d8       0x20 ./riscv_hal/riscv_hal_stubs.o
                0x00000000800009d8                External_17_IRQHandler
 .text.External_18_IRQHandler
                0x00000000800009f8       0x20 ./riscv_hal/riscv_hal_stubs.o
                0x00000000800009f8                External_18_IRQHandler
 .text.External_19_IRQHandler
                0x0000000080000a18       0x20 ./riscv_hal/riscv_hal_stubs.o
                0x0000000080000a18                External_19_IRQHandler
 .text.External_20_IRQHandler
                0x0000000080000a38       0x20 ./riscv_hal/riscv_hal_stubs.o
                0x0000000080000a38                External_20_IRQHandler
 .text.External_21_IRQHandler
                0x0000000080000a58       0x20 ./riscv_hal/riscv_hal_stubs.o
                0x0000000080000a58                External_21_IRQHandler
 .text.External_22_IRQHandler
                0x0000000080000a78       0x20 ./riscv_hal/riscv_hal_stubs.o
                0x0000000080000a78                External_22_IRQHandler
 .text.External_23_IRQHandler
                0x0000000080000a98       0x20 ./riscv_hal/riscv_hal_stubs.o
                0x0000000080000a98                External_23_IRQHandler
 .text.External_24_IRQHandler
                0x0000000080000ab8       0x20 ./riscv_hal/riscv_hal_stubs.o
                0x0000000080000ab8                External_24_IRQHandler
 .text.External_25_IRQHandler
                0x0000000080000ad8       0x20 ./riscv_hal/riscv_hal_stubs.o
                0x0000000080000ad8                External_25_IRQHandler
 .text.External_26_IRQHandler
                0x0000000080000af8       0x20 ./riscv_hal/riscv_hal_stubs.o
                0x0000000080000af8                External_26_IRQHandler
 .text.External_27_IRQHandler
                0x0000000080000b18       0x20 ./riscv_hal/riscv_hal_stubs.o
                0x0000000080000b18                External_27_IRQHandler
 .text.External_28_IRQHandler
                0x0000000080000b38       0x20 ./riscv_hal/riscv_hal_stubs.o
                0x0000000080000b38                External_28_IRQHandler
 .text.External_29_IRQHandler
                0x0000000080000b58       0x20 ./riscv_hal/riscv_hal_stubs.o
                0x0000000080000b58                External_29_IRQHandler
 .text.External_30_IRQHandler
                0x0000000080000b78       0x20 ./riscv_hal/riscv_hal_stubs.o
                0x0000000080000b78                External_30_IRQHandler
 .text.External_31_IRQHandler
                0x0000000080000b98       0x20 ./riscv_hal/riscv_hal_stubs.o
                0x0000000080000b98                External_31_IRQHandler
 .text.write_hex
                0x0000000080000bb8       0xe8 ./riscv_hal/syscall.o
                0x0000000080000bb8                write_hex
 .text._exit    0x0000000080000ca0       0x50 ./riscv_hal/syscall.o
                0x0000000080000ca0                _exit
 .text._isatty  0x0000000080000cf0       0x50 ./riscv_hal/syscall.o
                0x0000000080000cf0                _isatty
 .text.stub     0x0000000080000d40       0x30 ./riscv_hal/syscall.o
 .text._write   0x0000000080000d70       0xe8 ./riscv_hal/syscall.o
                0x0000000080000d70                _write
 .text          0x0000000080000e58       0xd8 ./hal/hw_reg_access.o
                0x0000000080000e58                HW_set_32bit_reg
                0x0000000080000e60                HW_get_32bit_reg
                0x0000000080000e68                HW_set_32bit_reg_field
                0x0000000080000e90                HW_get_32bit_reg_field
                0x0000000080000ea0                HW_set_16bit_reg
                0x0000000080000ea8                HW_get_16bit_reg
                0x0000000080000eb0                HW_set_16bit_reg_field
                0x0000000080000ed8                HW_get_16bit_reg_field
                0x0000000080000ee8                HW_set_8bit_reg
                0x0000000080000ef0                HW_get_8bit_reg
                0x0000000080000ef8                HW_set_8bit_reg_field
                0x0000000080000f20                HW_get_8bit_reg_field
 .text.UART_init
                0x0000000080000f30      0x118 ./drivers/CoreUARTapb/core_uart_apb.o
                0x0000000080000f30                UART_init
 .text.UART_send
                0x0000000080001048       0xb4 ./drivers/CoreUARTapb/core_uart_apb.o
                0x0000000080001048                UART_send
 .text.UART_polled_tx_string
                0x00000000800010fc       0xb0 ./drivers/CoreUARTapb/core_uart_apb.o
                0x00000000800010fc                UART_polled_tx_string
 .text.pvPortMalloc
                0x00000000800011ac      0x1dc ./FreeRTOS/portable/MemMang/heap_2.o
                0x00000000800011ac                pvPortMalloc
 .text.vPortFree
                0x0000000080001388       0xcc ./FreeRTOS/portable/MemMang/heap_2.o
                0x0000000080001388                vPortFree
 .text.prvHeapInit
                0x0000000080001454       0x74 ./FreeRTOS/portable/MemMang/heap_2.o
 .text.raise_soft_interrupt
                0x00000000800014c8       0x4c ./FreeRTOS/portable/GCC/RISCV/port.o
 .text.vPortEnterCritical
                0x0000000080001514       0x34 ./FreeRTOS/portable/GCC/RISCV/port.o
                0x0000000080001514                vPortEnterCritical
 .text.vPortExitCritical
                0x0000000080001548       0x40 ./FreeRTOS/portable/GCC/RISCV/port.o
                0x0000000080001548                vPortExitCritical
 .text.prvSetNextTimerInterrupt
                0x0000000080001588       0xcc ./FreeRTOS/portable/GCC/RISCV/port.o
 .text.vPortSetupTimer
                0x0000000080001654       0xcc ./FreeRTOS/portable/GCC/RISCV/port.o
                0x0000000080001654                vPortSetupTimer
 .text.prvTaskExitError
                0x0000000080001720       0x2c ./FreeRTOS/portable/GCC/RISCV/port.o
 .text.pxPortInitialiseStack
                0x000000008000174c       0x94 ./FreeRTOS/portable/GCC/RISCV/port.o
                0x000000008000174c                pxPortInitialiseStack
 .text.SysTick_Handler
                0x00000000800017e0       0xcc ./FreeRTOS/portable/GCC/RISCV/port.o
                0x00000000800017e0                SysTick_Handler
 .text.xPortStartScheduler
                0x00000000800018ac       0x44 ./FreeRTOS/portable/GCC/RISCV/port.o
                0x00000000800018ac                xPortStartScheduler
 .text.Software_IRQHandler
                0x00000000800018f0       0xdc ./FreeRTOS/portable/GCC/RISCV/port.o
                0x00000000800018f0                Software_IRQHandler
 .text.vPortYield
                0x00000000800019cc       0x28 ./FreeRTOS/portable/GCC/RISCV/port.o
                0x00000000800019cc                vPortYield
 .text.vListInitialise
                0x00000000800019f4       0x64 ./FreeRTOS/list.o
                0x00000000800019f4                vListInitialise
 .text.vListInitialiseItem
                0x0000000080001a58       0x28 ./FreeRTOS/list.o
                0x0000000080001a58                vListInitialiseItem
 .text.vListInsertEnd
                0x0000000080001a80       0x88 ./FreeRTOS/list.o
                0x0000000080001a80                vListInsertEnd
 .text.vListInsert
                0x0000000080001b08       0xd4 ./FreeRTOS/list.o
                0x0000000080001b08                vListInsert
 .text.uxListRemove
                0x0000000080001bdc       0x98 ./FreeRTOS/list.o
                0x0000000080001bdc                uxListRemove
 .text.memset   0x0000000080001c74       0xe8 ./FreeRTOS/string.o
                0x0000000080001c74                memset
 .text.strlen   0x0000000080001d5c       0x50 ./FreeRTOS/string.o
                0x0000000080001d5c                strlen
 .text.xTaskGenericCreate
                0x0000000080001dac      0x21c ./FreeRTOS/tasks.o
                0x0000000080001dac                xTaskGenericCreate
 .text.vTaskDelay
                0x0000000080001fc8       0x84 ./FreeRTOS/tasks.o
                0x0000000080001fc8                vTaskDelay
 .text.vTaskStartScheduler
                0x000000008000204c       0x90 ./FreeRTOS/tasks.o
                0x000000008000204c                vTaskStartScheduler
 .text.vTaskSuspendAll
                0x00000000800020dc       0x28 ./FreeRTOS/tasks.o
                0x00000000800020dc                vTaskSuspendAll
 .text.xTaskResumeAll
                0x0000000080002104      0x160 ./FreeRTOS/tasks.o
                0x0000000080002104                xTaskResumeAll
 .text.xTaskIncrementTick
                0x0000000080002264      0x1ec ./FreeRTOS/tasks.o
                0x0000000080002264                xTaskIncrementTick
 .text.vTaskSwitchContext
                0x0000000080002450       0xec ./FreeRTOS/tasks.o
                0x0000000080002450                vTaskSwitchContext
 .text.prvIdleTask
                0x000000008000253c       0x34 ./FreeRTOS/tasks.o
 .text.prvInitialiseTCBVariables
                0x0000000080002570      0x138 ./FreeRTOS/tasks.o
 .text.prvInitialiseTaskLists
                0x00000000800026a8       0xc0 ./FreeRTOS/tasks.o
 .text.prvCheckTasksWaitingTermination
                0x0000000080002768       0xa0 ./FreeRTOS/tasks.o
 .text.prvAddCurrentTaskToDelayedList
                0x0000000080002808       0x88 ./FreeRTOS/tasks.o
 .text.prvAllocateTCBAndStack
                0x0000000080002890       0xc0 ./FreeRTOS/tasks.o
 .text.prvDeleteTCB
                0x0000000080002950       0x40 ./FreeRTOS/tasks.o
 .text.prvResetNextTaskUnblockTime
                0x0000000080002990       0x60 ./FreeRTOS/tasks.o
 .text.PLIC_EnableIRQ
                0x00000000800029f0       0xb4 ./FreeRTOS/chronos.o
 .text.PLIC_SetPriority
                0x0000000080002aa4       0x3c ./FreeRTOS/chronos.o
 .text.Chronos_init
                0x0000000080002ae0       0xdc ./FreeRTOS/chronos.o
                0x0000000080002ae0                Chronos_init
 .text.prints   0x0000000080002bbc       0x70 ./FreeRTOS/chronos.o
                0x0000000080002bbc                prints
 .text.printi   0x0000000080002c2c       0x3c ./FreeRTOS/chronos.o
                0x0000000080002c2c                printi
 .text.printsv  0x0000000080002c68       0x48 ./FreeRTOS/chronos.o
                0x0000000080002c68                printsv
 .text.getXpos  0x0000000080002cb0       0x2c ./FreeRTOS/chronos.o
                0x0000000080002cb0                getXpos
 .text.getYpos  0x0000000080002cdc       0x28 ./FreeRTOS/chronos.o
                0x0000000080002cdc                getYpos
 .text.SendRaw  0x0000000080002d04       0x58 ./FreeRTOS/chronos.o
                0x0000000080002d04                SendRaw
 .text.NI_enable_irq
                0x0000000080002d5c       0x94 ./FreeRTOS/chronos.o
                0x0000000080002d5c                NI_enable_irq
 .text.External_1_IRQHandler
                0x0000000080002df0       0x5c ./FreeRTOS/chronos.o
                0x0000000080002df0                External_1_IRQHandler
 .text.External_2_IRQHandler
                0x0000000080002e4c       0x48 ./FreeRTOS/chronos.o
                0x0000000080002e4c                External_2_IRQHandler
 .text.mySwap   0x0000000080002e94       0x4c ./FreeRTOS/chronos.o
                0x0000000080002e94                mySwap
 .text.reverse  0x0000000080002ee0       0x80 ./FreeRTOS/chronos.o
                0x0000000080002ee0                reverse
 .text.myItoa   0x0000000080002f60      0x1a0 ./FreeRTOS/chronos.o
                0x0000000080002f60                myItoa
 .text.makeAddress
                0x0000000080003100       0x40 ./FreeRTOS/chronos.o
                0x0000000080003100                makeAddress
 .text.API_PushSendQueue
                0x0000000080003140       0x88 ./FreeRTOS/chronos.o
                0x0000000080003140                API_PushSendQueue
 .text.API_PopSendQueue
                0x00000000800031c8       0x8c ./FreeRTOS/chronos.o
                0x00000000800031c8                API_PopSendQueue
 .text.API_Try2Send
                0x0000000080003254      0x100 ./FreeRTOS/chronos.o
                0x0000000080003254                API_Try2Send
 .text.API_TaskListInit
                0x0000000080003354       0xf0 ./FreeRTOS/applications.o
                0x0000000080003354                API_TaskListInit
 .text.API_PipeInitialization
                0x0000000080003444       0x8c ./FreeRTOS/packet.o
                0x0000000080003444                API_PipeInitialization
 .text.API_GetServiceSlot
                0x00000000800034d0       0xa0 ./FreeRTOS/packet.o
                0x00000000800034d0                API_GetServiceSlot
 .text.API_ClearPipeSlot
                0x0000000080003570       0xa4 ./FreeRTOS/packet.o
                0x0000000080003570                API_ClearPipeSlot
 .text.API_RepositoryWakeUp
                0x0000000080003614      0x108 ./FreeRTOS/globalMaster.o
                0x0000000080003614                API_RepositoryWakeUp
 .text.PLIC_init
                0x000000008000371c       0xd0 ./main.o
 .text.main     0x00000000800037ec      0x178 ./main.o
                0x00000000800037ec                main
 .text.vApplicationMallocFailedHook
                0x0000000080003964       0x14 ./main.o
                0x0000000080003964                vApplicationMallocFailedHook
 .text.vApplicationIdleHook
                0x0000000080003978       0x1c ./main.o
                0x0000000080003978                vApplicationIdleHook
 .text.vUartTestTask1
                0x0000000080003994       0x34 ./main.o
 .text.vUartTestTask2
                0x00000000800039c8       0x34 ./main.o
 .text.GlobalManagerTask
                0x00000000800039fc       0x58 ./main.o
 .text.write    0x0000000080003a54       0x1c /soft64/Imperas.20210408/lib/Linux64/CrossCompiler/riscv-none-embed/bin/../lib/gcc/riscv-none-embed/8.1.0/../../../../riscv-none-embed/lib/rv32im/ilp32/libg_nano.a(lib_a-syswrite.o)
                0x0000000080003a54                write
 .text._write_r
                0x0000000080003a70       0x54 /soft64/Imperas.20210408/lib/Linux64/CrossCompiler/riscv-none-embed/bin/../lib/gcc/riscv-none-embed/8.1.0/../../../../riscv-none-embed/lib/rv32im/ilp32/libg_nano.a(lib_a-writer.o)
                0x0000000080003a70                _write_r
 *(.plt)
                0x0000000080003ad0                . = ALIGN (0x10)
 *fill*         0x0000000080003ac4        0xc 
 *crtbegin.o(.ctors)
 *(EXCLUDE_FILE(*crtend.o) .ctors)
 *(SORT_BY_NAME(.ctors.*))
 *crtend.o(.ctors)
 *crtbegin.o(.dtors)
 *(EXCLUDE_FILE(*crtend.o) .dtors)
 *(SORT_BY_NAME(.dtors.*))
 *crtend.o(.dtors)
 *(.rodata .rodata.* .gnu.linkonce.r.*)
 .rodata        0x0000000080003ad0        0x6 ./riscv_hal/init.o
 *fill*         0x0000000080003ad6        0x2 
 .rodata        0x0000000080003ad8       0x7e ./riscv_hal/riscv_hal.o
 *fill*         0x0000000080003b56        0x2 
 .rodata        0x0000000080003b58       0x26 ./riscv_hal/syscall.o
 *fill*         0x0000000080003b7e        0x2 
 .rodata        0x0000000080003b80        0x5 ./FreeRTOS/tasks.o
 *fill*         0x0000000080003b85        0x3 
 .rodata        0x0000000080003b88       0x68 ./FreeRTOS/chronos.o
 .rodata        0x0000000080003bf0      0x11d ./main.o
 *(.gcc_except_table)
 *(.eh_frame_hdr)
 *(.eh_frame)
 *(.init)
 *(.fini)
                [!provide]                        PROVIDE (__preinit_array_start = .)
 *(.preinit_array)
                [!provide]                        PROVIDE (__preinit_array_end = .)
                [!provide]                        PROVIDE (__init_array_start = .)
 *(SORT_BY_NAME(.init_array.*))
 *(.init_array)
                [!provide]                        PROVIDE (__init_array_end = .)
                [!provide]                        PROVIDE (__fini_array_start = .)
 *(.fini_array)
 *(SORT_BY_NAME(.fini_array.*))
                [!provide]                        PROVIDE (__fini_array_end = .)
                0x0000000080003d10                . = ALIGN (0x10)
 *fill*         0x0000000080003d0d        0x3 

.rela.dyn       0x0000000080003d10        0x0
 .rela.text.entry
                0x0000000080003d10        0x0 ./riscv_hal/entry.o
 .rela.text._init
                0x0000000080003d10        0x0 ./riscv_hal/entry.o
 .rela.data.ext_irq_handler_table
                0x0000000080003d10        0x0 ./riscv_hal/entry.o
 .rela.text._isatty
                0x0000000080003d10        0x0 ./riscv_hal/entry.o
 .rela.text.stub
                0x0000000080003d10        0x0 ./riscv_hal/entry.o
 .rela.text.Chronos_init
                0x0000000080003d10        0x0 ./riscv_hal/entry.o
 .rela.text.External_1_IRQHandler
                0x0000000080003d10        0x0 ./riscv_hal/entry.o
 .rela.text.API_PushSendQueue
                0x0000000080003d10        0x0 ./riscv_hal/entry.o
 .rela.text.API_PopSendQueue
                0x0000000080003d10        0x0 ./riscv_hal/entry.o
 .rela.text.API_Try2Send
                0x0000000080003d10        0x0 ./riscv_hal/entry.o
 .rela.text.API_TaskListInit
                0x0000000080003d10        0x0 ./riscv_hal/entry.o
 .rela.text.API_PipeInitialization
                0x0000000080003d10        0x0 ./riscv_hal/entry.o
 .rela.text.API_GetServiceSlot
                0x0000000080003d10        0x0 ./riscv_hal/entry.o
 .rela.text.API_ClearPipeSlot
                0x0000000080003d10        0x0 ./riscv_hal/entry.o
 .rela.text.API_RepositoryWakeUp
                0x0000000080003d10        0x0 ./riscv_hal/entry.o
 .rela.text.main
                0x0000000080003d10        0x0 ./riscv_hal/entry.o
 .rela.text.vUartTestTask1
                0x0000000080003d10        0x0 ./riscv_hal/entry.o
 .rela.text.vUartTestTask2
                0x0000000080003d10        0x0 ./riscv_hal/entry.o
 .rela.text.GlobalManagerTask
                0x0000000080003d10        0x0 ./riscv_hal/entry.o
 .rela.text._write_r
                0x0000000080003d10        0x0 ./riscv_hal/entry.o
 .rela.data.impure_data
                0x0000000080003d10        0x0 ./riscv_hal/entry.o

.sdata          0x0000000080003d10       0x20
                0x0000000080003d10                __sdata_load = LOADADDR (.sdata)
                0x0000000080003d10                __sdata_start = .
                0x0000000080004510                PROVIDE (__global_pointer$ = (. + 0x800))
 *(.srodata.cst16)
 *(.srodata.cst8)
 *(.srodata.cst4)
 *(.srodata.cst2)
 *(.srodata*)
 *(.sdata .sdata.* .gnu.linkonce.s.*)
 .sdata.xFreeBytesRemaining
                0x0000000080003d10        0x4 ./FreeRTOS/portable/MemMang/heap_2.o
 .sdata.uxCriticalNesting
                0x0000000080003d14        0x4 ./FreeRTOS/portable/GCC/RISCV/port.o
 .sdata.mtime   0x0000000080003d18        0x4 ./FreeRTOS/portable/GCC/RISCV/port.o
 .sdata.mtimecmp
                0x0000000080003d1c        0x4 ./FreeRTOS/portable/GCC/RISCV/port.o
 .sdata._impure_ptr
                0x0000000080003d20        0x4 /soft64/Imperas.20210408/lib/Linux64/CrossCompiler/riscv-none-embed/bin/../lib/gcc/riscv-none-embed/8.1.0/../../../../riscv-none-embed/lib/rv32im/ilp32/libg_nano.a(lib_a-impure.o)
                0x0000000080003d20                _impure_ptr
                0x0000000080003d30                . = ALIGN (0x10)
 *fill*         0x0000000080003d24        0xc 
                0x0000000080003d30                __sdata_end = .

.data           0x0000000080003d30       0xe0
                0x0000000080003d30                __data_load = LOADADDR (.data)
                0x0000000080003d30                __data_start = .
 *(.got.plt)
 *(.got)
 *(.shdata)
 *(.data .data.* .gnu.linkonce.d.*)
 .data.ext_irq_handler_table
                0x0000000080003d30       0x80 ./riscv_hal/riscv_hal.o
                0x0000000080003d30                ext_irq_handler_table
 .data.impure_data
                0x0000000080003db0       0x60 /soft64/Imperas.20210408/lib/Linux64/CrossCompiler/riscv-none-embed/bin/../lib/gcc/riscv-none-embed/8.1.0/../../../../riscv-none-embed/lib/rv32im/ilp32/libg_nano.a(lib_a-impure.o)
                0x0000000080003e10                . = ALIGN (0x10)
                0x0000000080003e10                __data_end = .

.sbss           0x0000000080003e10       0x70
                0x0000000080003e10                __sbss_start = .
 *(.sbss .sbss.* .gnu.linkonce.sb.*)
 .sbss.g_systick_increment
                0x0000000080003e10        0x8 ./riscv_hal/riscv_hal.o
 .sbss.g_stdio_uart
                0x0000000080003e18        0x8 ./riscv_hal/syscall.o
 .sbss.g_stdio_uart_init_done
                0x0000000080003e20        0x4 ./riscv_hal/syscall.o
 .sbss.xStart   0x0000000080003e24        0x8 ./FreeRTOS/portable/MemMang/heap_2.o
 .sbss.xEnd     0x0000000080003e2c        0x8 ./FreeRTOS/portable/MemMang/heap_2.o
 .sbss.xHeapHasBeenInitialised.2777
                0x0000000080003e34        0x4 ./FreeRTOS/portable/MemMang/heap_2.o
 .sbss.g_startscheduler
                0x0000000080003e38        0x4 ./FreeRTOS/portable/GCC/RISCV/port.o
                0x0000000080003e38                g_startscheduler
 .sbss.pxCurrentTCB
                0x0000000080003e3c        0x4 ./FreeRTOS/tasks.o
                0x0000000080003e3c                pxCurrentTCB
 .sbss.pxDelayedTaskList
                0x0000000080003e40        0x4 ./FreeRTOS/tasks.o
 .sbss.pxOverflowDelayedTaskList
                0x0000000080003e44        0x4 ./FreeRTOS/tasks.o
 .sbss.uxTasksDeleted
                0x0000000080003e48        0x4 ./FreeRTOS/tasks.o
 .sbss.uxCurrentNumberOfTasks
                0x0000000080003e4c        0x4 ./FreeRTOS/tasks.o
 .sbss.xTickCount
                0x0000000080003e50        0x4 ./FreeRTOS/tasks.o
 .sbss.uxTopReadyPriority
                0x0000000080003e54        0x4 ./FreeRTOS/tasks.o
 .sbss.xSchedulerRunning
                0x0000000080003e58        0x4 ./FreeRTOS/tasks.o
 .sbss.uxPendedTicks
                0x0000000080003e5c        0x4 ./FreeRTOS/tasks.o
 .sbss.xYieldPending
                0x0000000080003e60        0x4 ./FreeRTOS/tasks.o
 .sbss.xNumOfOverflows
                0x0000000080003e64        0x4 ./FreeRTOS/tasks.o
 .sbss.uxTaskNumber
                0x0000000080003e68        0x4 ./FreeRTOS/tasks.o
 .sbss.xNextTaskUnblockTime
                0x0000000080003e6c        0x4 ./FreeRTOS/tasks.o
 .sbss.uxSchedulerSuspended
                0x0000000080003e70        0x4 ./FreeRTOS/tasks.o
 *(.scommon)
                0x0000000080003e80                . = ALIGN (0x10)
 *fill*         0x0000000080003e74        0xc 
                0x0000000080003e80                __sbss_end = .

.bss            0x0000000080003e80    0x19df0
                0x0000000080003e80                __bss_start = .
 *(.shbss)
 *(.bss .bss.* .gnu.linkonce.b.*)
 .bss.ucHeap    0x0000000080003e80    0x19000 ./FreeRTOS/portable/MemMang/heap_2.o
 .bss.pxReadyTasksLists
                0x000000008001ce80       0x64 ./FreeRTOS/tasks.o
 .bss.xDelayedTaskList1
                0x000000008001cee4       0x14 ./FreeRTOS/tasks.o
 .bss.xDelayedTaskList2
                0x000000008001cef8       0x14 ./FreeRTOS/tasks.o
 .bss.xPendingReadyList
                0x000000008001cf0c       0x14 ./FreeRTOS/tasks.o
 .bss.xTasksWaitingTermination
                0x000000008001cf20       0x14 ./FreeRTOS/tasks.o
 .bss.xSuspendedTaskList
                0x000000008001cf34       0x14 ./FreeRTOS/tasks.o
 *(COMMON)
 COMMON         0x000000008001cf48      0xc50 ./riscv_hal/riscv_hal.o
                0x000000008001cf48                SendingSlot
                0x000000008001cf4c                ServicePipe
                0x000000008001d03c                incommingPacket
                0x000000008001d270                SendingQueue
                0x000000008001d290                SendingQueue_tail
                0x000000008001d294                SendingQueue_front
                0x000000008001d298                MessagePipe
 COMMON         0x000000008001db98        0x4 ./riscv_hal/syscall.o
                0x000000008001db98                errno
 COMMON         0x000000008001db9c       0xd4 ./main.o
                0x000000008001db9c                g_uart
                0x000000008001dba4                TaskList
                0x000000008001dc6c                ProcessorAddr
                0x000000008001dc70                . = ALIGN (0x10)
                0x000000008001dc70                __bss_end = .
                0x000000008001dc70                _end = .

.heap           0x000000008001dc70    0x10000
                0x000000008001dc70                __heap_start = .
                0x000000008002dc70                . = (. + HEAP_SIZE)
 *fill*         0x000000008001dc70    0x10000 
                0x000000008002dc70                __heap_end = .
                0x000000008002dc70                . = ALIGN (0x10)
                0x000000008002dc70                _heap_end = __heap_end

.stack          0x000000008002dc70    0x10000
                0x000000008002dc70                __stack_bottom = .
                0x000000008003dc70                . = (. + STACK_SIZE)
 *fill*         0x000000008002dc70    0x10000 
                0x000000008003dc70                __stack_top = .
OUTPUT(miv-rv32im-freertos-port-test.elf elf32-littleriscv)

.debug_line     0x0000000000000000     0x97f2
 .debug_line    0x0000000000000000      0x237 ./riscv_hal/entry.o
 .debug_line    0x0000000000000237      0x44e ./riscv_hal/init.o
 .debug_line    0x0000000000000685      0xbba ./riscv_hal/riscv_hal.o
 .debug_line    0x000000000000123f      0x7c8 ./riscv_hal/riscv_hal_stubs.o
 .debug_line    0x0000000000001a07      0x953 ./riscv_hal/syscall.o
 .debug_line    0x000000000000235a      0x185 ./hal/hw_reg_access.o
 .debug_line    0x00000000000024df      0x714 ./drivers/CoreUARTapb/core_uart_apb.o
 .debug_line    0x0000000000002bf3      0x6cf ./FreeRTOS/portable/MemMang/heap_2.o
 .debug_line    0x00000000000032c2      0x95b ./FreeRTOS/portable/GCC/RISCV/port.o
 .debug_line    0x0000000000003c1d      0x602 ./FreeRTOS/list.o
 .debug_line    0x000000000000421f      0x699 ./FreeRTOS/string.o
 .debug_line    0x00000000000048b8     0x2956 ./FreeRTOS/tasks.o
 .debug_line    0x000000000000720e      0xc6a ./FreeRTOS/chronos.o
 .debug_line    0x0000000000007e78      0x5d0 ./FreeRTOS/applications.o
 .debug_line    0x0000000000008448      0x5b2 ./FreeRTOS/packet.o
 .debug_line    0x00000000000089fa      0x4be ./FreeRTOS/globalMaster.o
 .debug_line    0x0000000000008eb8      0x93a ./main.o

.debug_info     0x0000000000000000     0xe9d4
 .debug_info    0x0000000000000000       0x26 ./riscv_hal/entry.o
 .debug_info    0x0000000000000026      0xb0b ./riscv_hal/init.o
 .debug_info    0x0000000000000b31     0x1773 ./riscv_hal/riscv_hal.o
 .debug_info    0x00000000000022a4      0x3e0 ./riscv_hal/riscv_hal_stubs.o
 .debug_info    0x0000000000002684     0x1219 ./riscv_hal/syscall.o
 .debug_info    0x000000000000389d       0x26 ./hal/hw_reg_access.o
 .debug_info    0x00000000000038c3      0xc02 ./drivers/CoreUARTapb/core_uart_apb.o
 .debug_info    0x00000000000044c5      0xbd6 ./FreeRTOS/portable/MemMang/heap_2.o
 .debug_info    0x000000000000509b      0xc95 ./FreeRTOS/portable/GCC/RISCV/port.o
 .debug_info    0x0000000000005d30      0xb83 ./FreeRTOS/list.o
 .debug_info    0x00000000000068b3      0xb73 ./FreeRTOS/string.o
 .debug_info    0x0000000000007426     0x1f88 ./FreeRTOS/tasks.o
 .debug_info    0x00000000000093ae     0x15e5 ./FreeRTOS/chronos.o
 .debug_info    0x000000000000a993      0xf34 ./FreeRTOS/applications.o
 .debug_info    0x000000000000b8c7      0xeaf ./FreeRTOS/packet.o
 .debug_info    0x000000000000c776      0xe1d ./FreeRTOS/globalMaster.o
 .debug_info    0x000000000000d593     0x1441 ./main.o

.debug_abbrev   0x0000000000000000     0x282f
 .debug_abbrev  0x0000000000000000       0x14 ./riscv_hal/entry.o
 .debug_abbrev  0x0000000000000014      0x268 ./riscv_hal/init.o
 .debug_abbrev  0x000000000000027c      0x3e9 ./riscv_hal/riscv_hal.o
 .debug_abbrev  0x0000000000000665       0xc0 ./riscv_hal/riscv_hal_stubs.o
 .debug_abbrev  0x0000000000000725      0x2f8 ./riscv_hal/syscall.o
 .debug_abbrev  0x0000000000000a1d       0x14 ./hal/hw_reg_access.o
 .debug_abbrev  0x0000000000000a31      0x25b ./drivers/CoreUARTapb/core_uart_apb.o
 .debug_abbrev  0x0000000000000c8c      0x2c5 ./FreeRTOS/portable/MemMang/heap_2.o
 .debug_abbrev  0x0000000000000f51      0x31d ./FreeRTOS/portable/GCC/RISCV/port.o
 .debug_abbrev  0x000000000000126e      0x22e ./FreeRTOS/list.o
 .debug_abbrev  0x000000000000149c      0x238 ./FreeRTOS/string.o
 .debug_abbrev  0x00000000000016d4      0x39a ./FreeRTOS/tasks.o
 .debug_abbrev  0x0000000000001a6e      0x38c ./FreeRTOS/chronos.o
 .debug_abbrev  0x0000000000001dfa      0x276 ./FreeRTOS/applications.o
 .debug_abbrev  0x0000000000002070      0x26d ./FreeRTOS/packet.o
 .debug_abbrev  0x00000000000022dd      0x213 ./FreeRTOS/globalMaster.o
 .debug_abbrev  0x00000000000024f0      0x33f ./main.o

.debug_aranges  0x0000000000000000      0x858
 .debug_aranges
                0x0000000000000000       0x20 ./riscv_hal/entry.o
 .debug_aranges
                0x0000000000000020       0x38 ./riscv_hal/init.o
 .debug_aranges
                0x0000000000000058       0xa8 ./riscv_hal/riscv_hal.o
 .debug_aranges
                0x0000000000000100      0x130 ./riscv_hal/riscv_hal_stubs.o
 .debug_aranges
                0x0000000000000230       0xc0 ./riscv_hal/syscall.o
 .debug_aranges
                0x00000000000002f0       0x20 ./hal/hw_reg_access.o
 .debug_aranges
                0x0000000000000310       0x48 ./drivers/CoreUARTapb/core_uart_apb.o
 .debug_aranges
                0x0000000000000358       0x40 ./FreeRTOS/portable/MemMang/heap_2.o
 .debug_aranges
                0x0000000000000398       0x80 ./FreeRTOS/portable/GCC/RISCV/port.o
 .debug_aranges
                0x0000000000000418       0x40 ./FreeRTOS/list.o
 .debug_aranges
                0x0000000000000458       0x48 ./FreeRTOS/string.o
 .debug_aranges
                0x00000000000004a0      0x1c8 ./FreeRTOS/tasks.o
 .debug_aranges
                0x0000000000000668       0xd0 ./FreeRTOS/chronos.o
 .debug_aranges
                0x0000000000000738       0x38 ./FreeRTOS/applications.o
 .debug_aranges
                0x0000000000000770       0x38 ./FreeRTOS/packet.o
 .debug_aranges
                0x00000000000007a8       0x20 ./FreeRTOS/globalMaster.o
 .debug_aranges
                0x00000000000007c8       0x90 ./main.o

.debug_str      0x0000000000000000    0x127f0
 .debug_str     0x0000000000000000       0x5a ./riscv_hal/entry.o
 .debug_str     0x000000000000005a     0x8be4 ./riscv_hal/init.o
                                       0x8e85 (size before relaxing)
 .debug_str     0x0000000000008c3e     0x41d9 ./riscv_hal/riscv_hal.o
                                       0xd016 (size before relaxing)
 .debug_str     0x000000000000ce17      0x306 ./riscv_hal/riscv_hal_stubs.o
                                       0x666b (size before relaxing)
 .debug_str     0x000000000000d11d     0x13ee ./riscv_hal/syscall.o
                                       0xa40c (size before relaxing)
 .debug_str     0x000000000000e50b       0x17 ./hal/hw_reg_access.o
                                         0x5c (size before relaxing)
 .debug_str     0x000000000000e522      0xe38 ./drivers/CoreUARTapb/core_uart_apb.o
                                       0x840b (size before relaxing)
 .debug_str     0x000000000000f35a      0x3c6 ./FreeRTOS/portable/MemMang/heap_2.o
                                       0xaaec (size before relaxing)
 .debug_str     0x000000000000f720      0x1aa ./FreeRTOS/portable/GCC/RISCV/port.o
                                       0xa87f (size before relaxing)
 .debug_str     0x000000000000f8ca      0x11e ./FreeRTOS/list.o
                                       0xa0e2 (size before relaxing)
 .debug_str     0x000000000000f9e8      0x85e ./FreeRTOS/string.o
                                       0x6aa7 (size before relaxing)
 .debug_str     0x0000000000010246     0x186c ./FreeRTOS/tasks.o
                                       0xc164 (size before relaxing)
 .debug_str     0x0000000000011ab2      0x172 ./FreeRTOS/chronos.o
                                       0xb29b (size before relaxing)
 .debug_str     0x0000000000011c24       0x6b ./FreeRTOS/applications.o
                                       0xae60 (size before relaxing)
 .debug_str     0x0000000000011c8f       0x6d ./FreeRTOS/packet.o
                                       0xae18 (size before relaxing)
 .debug_str     0x0000000000011cfc       0x4a ./FreeRTOS/globalMaster.o
                                       0xadeb (size before relaxing)
 .debug_str     0x0000000000011d46      0xaaa ./main.o
                                       0xd7e8 (size before relaxing)

.debug_ranges   0x0000000000000000      0x728
 .debug_ranges  0x0000000000000000       0x28 ./riscv_hal/init.o
 .debug_ranges  0x0000000000000028       0x98 ./riscv_hal/riscv_hal.o
 .debug_ranges  0x00000000000000c0      0x120 ./riscv_hal/riscv_hal_stubs.o
 .debug_ranges  0x00000000000001e0       0xb0 ./riscv_hal/syscall.o
 .debug_ranges  0x0000000000000290       0x38 ./drivers/CoreUARTapb/core_uart_apb.o
 .debug_ranges  0x00000000000002c8       0x30 ./FreeRTOS/portable/MemMang/heap_2.o
 .debug_ranges  0x00000000000002f8       0x70 ./FreeRTOS/portable/GCC/RISCV/port.o
 .debug_ranges  0x0000000000000368       0x30 ./FreeRTOS/list.o
 .debug_ranges  0x0000000000000398       0x38 ./FreeRTOS/string.o
 .debug_ranges  0x00000000000003d0      0x1b8 ./FreeRTOS/tasks.o
 .debug_ranges  0x0000000000000588       0xc0 ./FreeRTOS/chronos.o
 .debug_ranges  0x0000000000000648       0x28 ./FreeRTOS/applications.o
 .debug_ranges  0x0000000000000670       0x28 ./FreeRTOS/packet.o
 .debug_ranges  0x0000000000000698       0x10 ./FreeRTOS/globalMaster.o
 .debug_ranges  0x00000000000006a8       0x80 ./main.o

.debug_macro    0x0000000000000000     0x582e
 .debug_macro   0x0000000000000000      0x1cb ./riscv_hal/init.o
 .debug_macro   0x00000000000001cb      0x748 ./riscv_hal/init.o
 .debug_macro   0x0000000000000913       0x19 ./riscv_hal/init.o
 .debug_macro   0x000000000000092c       0x22 ./riscv_hal/init.o
 .debug_macro   0x000000000000094e       0x52 ./riscv_hal/init.o
 .debug_macro   0x00000000000009a0       0x94 ./riscv_hal/init.o
 .debug_macro   0x0000000000000a34       0x34 ./riscv_hal/init.o
 .debug_macro   0x0000000000000a68       0x34 ./riscv_hal/init.o
 .debug_macro   0x0000000000000a9c       0x16 ./riscv_hal/init.o
 .debug_macro   0x0000000000000ab2      0x10e ./riscv_hal/init.o
 .debug_macro   0x0000000000000bc0       0x8d ./riscv_hal/init.o
 .debug_macro   0x0000000000000c4d       0x57 ./riscv_hal/init.o
 .debug_macro   0x0000000000000ca4       0x58 ./riscv_hal/init.o
 .debug_macro   0x0000000000000cfc       0x1f ./riscv_hal/init.o
 .debug_macro   0x0000000000000d1b       0x43 ./riscv_hal/init.o
 .debug_macro   0x0000000000000d5e       0x20 ./riscv_hal/init.o
 .debug_macro   0x0000000000000d7e      0x18e ./riscv_hal/init.o
 .debug_macro   0x0000000000000f0c      0x330 ./riscv_hal/init.o
 .debug_macro   0x000000000000123c       0x16 ./riscv_hal/init.o
 .debug_macro   0x0000000000001252       0x29 ./riscv_hal/init.o
 .debug_macro   0x000000000000127b       0xef ./riscv_hal/init.o
 .debug_macro   0x000000000000136a       0x6a ./riscv_hal/init.o
 .debug_macro   0x00000000000013d4      0x1df ./riscv_hal/init.o
 .debug_macro   0x00000000000015b3       0x16 ./riscv_hal/init.o
 .debug_macro   0x00000000000015c9       0x10 ./riscv_hal/init.o
 .debug_macro   0x00000000000015d9       0x35 ./riscv_hal/init.o
 .debug_macro   0x000000000000160e       0x1c ./riscv_hal/init.o
 .debug_macro   0x000000000000162a       0x52 ./riscv_hal/init.o
 .debug_macro   0x000000000000167c       0x40 ./riscv_hal/init.o
 .debug_macro   0x00000000000016bc       0x10 ./riscv_hal/init.o
 .debug_macro   0x00000000000016cc       0x40 ./riscv_hal/init.o
 .debug_macro   0x000000000000170c       0xd7 ./riscv_hal/init.o
 .debug_macro   0x00000000000017e3       0x1c ./riscv_hal/init.o
 .debug_macro   0x00000000000017ff       0x3d ./riscv_hal/init.o
 .debug_macro   0x000000000000183c      0x51a ./riscv_hal/init.o
 .debug_macro   0x0000000000001d56      0x2f8 ./riscv_hal/init.o
 .debug_macro   0x000000000000204e      0x305 ./riscv_hal/riscv_hal.o
 .debug_macro   0x0000000000002353       0x28 ./riscv_hal/riscv_hal.o
 .debug_macro   0x000000000000237b       0x16 ./riscv_hal/riscv_hal.o
 .debug_macro   0x0000000000002391       0xfa ./riscv_hal/riscv_hal.o
 .debug_macro   0x000000000000248b      0x15d ./riscv_hal/riscv_hal.o
 .debug_macro   0x00000000000025e8       0xa6 ./riscv_hal/riscv_hal.o
 .debug_macro   0x000000000000268e       0x10 ./riscv_hal/riscv_hal.o
 .debug_macro   0x000000000000269e       0x1f ./riscv_hal/riscv_hal.o
 .debug_macro   0x00000000000026bd      0x3ca ./riscv_hal/riscv_hal.o
 .debug_macro   0x0000000000002a87       0xc0 ./riscv_hal/riscv_hal.o
 .debug_macro   0x0000000000002b47       0x9a ./riscv_hal/riscv_hal.o
 .debug_macro   0x0000000000002be1       0x58 ./riscv_hal/riscv_hal.o
 .debug_macro   0x0000000000002c39       0x10 ./riscv_hal/riscv_hal.o
 .debug_macro   0x0000000000002c49       0x4c ./riscv_hal/riscv_hal.o
 .debug_macro   0x0000000000002c95       0x22 ./riscv_hal/riscv_hal.o
 .debug_macro   0x0000000000002cb7       0x70 ./riscv_hal/riscv_hal.o
 .debug_macro   0x0000000000002d27       0x2e ./riscv_hal/riscv_hal.o
 .debug_macro   0x0000000000002d55       0x10 ./riscv_hal/riscv_hal.o
 .debug_macro   0x0000000000002d65      0x165 ./riscv_hal/riscv_hal_stubs.o
 .debug_macro   0x0000000000002eca       0x10 ./riscv_hal/riscv_hal_stubs.o
 .debug_macro   0x0000000000002eda       0xcf ./riscv_hal/riscv_hal_stubs.o
 .debug_macro   0x0000000000002fa9       0xbe ./riscv_hal/riscv_hal_stubs.o
 .debug_macro   0x0000000000003067      0x2b2 ./riscv_hal/syscall.o
 .debug_macro   0x0000000000003319       0x8e ./riscv_hal/syscall.o
 .debug_macro   0x00000000000033a7       0x51 ./riscv_hal/syscall.o
 .debug_macro   0x00000000000033f8       0x58 ./riscv_hal/syscall.o
 .debug_macro   0x0000000000003450       0x10 ./riscv_hal/syscall.o
 .debug_macro   0x0000000000003460      0x241 ./riscv_hal/syscall.o
 .debug_macro   0x00000000000036a1       0x16 ./riscv_hal/syscall.o
 .debug_macro   0x00000000000036b7       0x10 ./riscv_hal/syscall.o
 .debug_macro   0x00000000000036c7       0x10 ./riscv_hal/syscall.o
 .debug_macro   0x00000000000036d7       0x35 ./riscv_hal/syscall.o
 .debug_macro   0x000000000000370c      0x122 ./riscv_hal/syscall.o
 .debug_macro   0x000000000000382e       0x1c ./riscv_hal/syscall.o
 .debug_macro   0x000000000000384a       0x10 ./riscv_hal/syscall.o
 .debug_macro   0x000000000000385a       0x10 ./riscv_hal/syscall.o
 .debug_macro   0x000000000000386a       0x16 ./riscv_hal/syscall.o
 .debug_macro   0x0000000000003880      0x15a ./riscv_hal/syscall.o
 .debug_macro   0x00000000000039da       0x40 ./riscv_hal/syscall.o
 .debug_macro   0x0000000000003a1a       0x58 ./riscv_hal/syscall.o
 .debug_macro   0x0000000000003a72      0x232 ./drivers/CoreUARTapb/core_uart_apb.o
 .debug_macro   0x0000000000003ca4      0x106 ./drivers/CoreUARTapb/core_uart_apb.o
 .debug_macro   0x0000000000003daa       0x16 ./drivers/CoreUARTapb/core_uart_apb.o
 .debug_macro   0x0000000000003dc0       0x16 ./drivers/CoreUARTapb/core_uart_apb.o
 .debug_macro   0x0000000000003dd6       0x97 ./drivers/CoreUARTapb/core_uart_apb.o
 .debug_macro   0x0000000000003e6d       0xfd ./drivers/CoreUARTapb/core_uart_apb.o
 .debug_macro   0x0000000000003f6a      0x16f ./drivers/CoreUARTapb/core_uart_apb.o
 .debug_macro   0x00000000000040d9      0x1ee ./FreeRTOS/portable/MemMang/heap_2.o
 .debug_macro   0x00000000000042c7      0x1d0 ./FreeRTOS/portable/GCC/RISCV/port.o
 .debug_macro   0x0000000000004497      0x174 ./FreeRTOS/portable/GCC/RISCV/port.o
 .debug_macro   0x000000000000460b       0x10 ./FreeRTOS/portable/GCC/RISCV/port.o
 .debug_macro   0x000000000000461b      0x1c0 ./FreeRTOS/list.o
 .debug_macro   0x00000000000047db      0x123 ./FreeRTOS/string.o
 .debug_macro   0x00000000000048fe      0x111 ./FreeRTOS/string.o
 .debug_macro   0x0000000000004a0f      0x25e ./FreeRTOS/tasks.o
 .debug_macro   0x0000000000004c6d       0x11 ./FreeRTOS/tasks.o
 .debug_macro   0x0000000000004c7e      0x21c ./FreeRTOS/chronos.o
 .debug_macro   0x0000000000004e9a      0x214 ./FreeRTOS/applications.o
 .debug_macro   0x00000000000050ae      0x20a ./FreeRTOS/packet.o
 .debug_macro   0x00000000000052b8       0x46 ./FreeRTOS/packet.o
 .debug_macro   0x00000000000052fe      0x216 ./FreeRTOS/globalMaster.o
 .debug_macro   0x0000000000005514      0x31a ./main.o

.comment        0x0000000000000000       0x39
 .comment       0x0000000000000000       0x39 ./riscv_hal/init.o
                                         0x3a (size before relaxing)
 .comment       0x0000000000000039       0x3a ./riscv_hal/riscv_hal.o
 .comment       0x0000000000000039       0x3a ./riscv_hal/riscv_hal_stubs.o
 .comment       0x0000000000000039       0x3a ./riscv_hal/syscall.o
 .comment       0x0000000000000039       0x3a ./drivers/CoreUARTapb/core_uart_apb.o
 .comment       0x0000000000000039       0x3a ./FreeRTOS/portable/MemMang/heap_2.o
 .comment       0x0000000000000039       0x3a ./FreeRTOS/portable/GCC/RISCV/port.o
 .comment       0x0000000000000039       0x3a ./FreeRTOS/list.o
 .comment       0x0000000000000039       0x3a ./FreeRTOS/string.o
 .comment       0x0000000000000039       0x3a ./FreeRTOS/tasks.o
 .comment       0x0000000000000039       0x3a ./FreeRTOS/chronos.o
 .comment       0x0000000000000039       0x3a ./FreeRTOS/applications.o
 .comment       0x0000000000000039       0x3a ./FreeRTOS/packet.o
 .comment       0x0000000000000039       0x3a ./FreeRTOS/globalMaster.o
 .comment       0x0000000000000039       0x3a ./main.o

.debug_frame    0x0000000000000000     0x1dec
 .debug_frame   0x0000000000000000       0x94 ./riscv_hal/init.o
 .debug_frame   0x0000000000000094      0x28c ./riscv_hal/riscv_hal.o
 .debug_frame   0x0000000000000320      0x468 ./riscv_hal/riscv_hal_stubs.o
 .debug_frame   0x0000000000000788      0x2ec ./riscv_hal/syscall.o
 .debug_frame   0x0000000000000a74       0xf0 ./drivers/CoreUARTapb/core_uart_apb.o
 .debug_frame   0x0000000000000b64       0xbc ./FreeRTOS/portable/MemMang/heap_2.o
 .debug_frame   0x0000000000000c20      0x1bc ./FreeRTOS/portable/GCC/RISCV/port.o
 .debug_frame   0x0000000000000ddc       0xb0 ./FreeRTOS/list.o
 .debug_frame   0x0000000000000e8c       0xd0 ./FreeRTOS/string.o
 .debug_frame   0x0000000000000f5c      0x7b8 ./FreeRTOS/tasks.o
 .debug_frame   0x0000000000001714      0x330 ./FreeRTOS/chronos.o
 .debug_frame   0x0000000000001a44       0x98 ./FreeRTOS/applications.o
 .debug_frame   0x0000000000001adc       0x90 ./FreeRTOS/packet.o
 .debug_frame   0x0000000000001b6c       0x34 ./FreeRTOS/globalMaster.o
 .debug_frame   0x0000000000001ba0      0x1fc ./main.o
 .debug_frame   0x0000000000001d9c       0x20 /soft64/Imperas.20210408/lib/Linux64/CrossCompiler/riscv-none-embed/bin/../lib/gcc/riscv-none-embed/8.1.0/../../../../riscv-none-embed/lib/rv32im/ilp32/libg_nano.a(lib_a-syswrite.o)
 .debug_frame   0x0000000000001dbc       0x30 /soft64/Imperas.20210408/lib/Linux64/CrossCompiler/riscv-none-embed/bin/../lib/gcc/riscv-none-embed/8.1.0/../../../../riscv-none-embed/lib/rv32im/ilp32/libg_nano.a(lib_a-writer.o)
