Archive member included to satisfy reference by file (symbol)

/soft64/Imperas.20210408/lib/Linux64/CrossCompiler/riscv-none-embed/bin/../lib/gcc/riscv-none-embed/8.1.0/../../../../riscv-none-embed/lib/rv32im/ilp32/libg_nano.a(lib_a-sysisatty.o)
                              ./riscv_hal/syscall.o (isatty)
/soft64/Imperas.20210408/lib/Linux64/CrossCompiler/riscv-none-embed/bin/../lib/gcc/riscv-none-embed/8.1.0/../../../../riscv-none-embed/lib/rv32im/ilp32/libg_nano.a(lib_a-syswrite.o)
                              ./riscv_hal/riscv_hal.o (write)
/soft64/Imperas.20210408/lib/Linux64/CrossCompiler/riscv-none-embed/bin/../lib/gcc/riscv-none-embed/8.1.0/../../../../riscv-none-embed/lib/rv32im/ilp32/libg_nano.a(lib_a-writer.o)
                              /soft64/Imperas.20210408/lib/Linux64/CrossCompiler/riscv-none-embed/bin/../lib/gcc/riscv-none-embed/8.1.0/../../../../riscv-none-embed/lib/rv32im/ilp32/libg_nano.a(lib_a-syswrite.o) (_write_r)
/soft64/Imperas.20210408/lib/Linux64/CrossCompiler/riscv-none-embed/bin/../lib/gcc/riscv-none-embed/8.1.0/../../../../riscv-none-embed/lib/rv32im/ilp32/libg_nano.a(lib_a-impure.o)
                              /soft64/Imperas.20210408/lib/Linux64/CrossCompiler/riscv-none-embed/bin/../lib/gcc/riscv-none-embed/8.1.0/../../../../riscv-none-embed/lib/rv32im/ilp32/libg_nano.a(lib_a-syswrite.o) (_impure_ptr)

Allocating common symbols
Common symbol       size              file

SendingSlot         0x4               ./riscv_hal/riscv_hal.o
priorityMatrix      0x24              ./FreeRTOS/chronos.o
errno               0x4               ./riscv_hal/syscall.o
ServicePipe         0xf0              ./riscv_hal/riscv_hal.o
messageID           0x4               ./riscv_hal/riscv_hal.o
g_uart              0x8               ./main.o
applications        0x780             ./FreeRTOS/chronos.o
xQueueRegistry      0x40              ./FreeRTOS/queue.o
incommingPacket     0x34              ./riscv_hal/riscv_hal.o
TaskList            0x318             ./FreeRTOS/chronos.o
SendingQueue        0x20              ./riscv_hal/riscv_hal.o
SendingQueue_tail   0x4               ./riscv_hal/riscv_hal.o
str                 0x14              ./riscv_hal/riscv_hal.o
SendingQueue_front  0x4               ./riscv_hal/riscv_hal.o
ProcessorAddr       0x4               ./main.o
priorityPointer     0x4               ./FreeRTOS/chronos.o
Tiles               0x6c              ./FreeRTOS/chronos.o
MessagePipe         0x910             ./riscv_hal/riscv_hal.o

Discarded input sections

 .text          0x0000000000000000        0x0 ./riscv_hal/entry.o
 .data          0x0000000000000000        0x0 ./riscv_hal/entry.o
 .bss           0x0000000000000000        0x0 ./riscv_hal/entry.o
 .group         0x0000000000000000        0xc ./riscv_hal/init.o
 .group         0x0000000000000000        0xc ./riscv_hal/init.o
 .group         0x0000000000000000        0xc ./riscv_hal/init.o
 .group         0x0000000000000000        0xc ./riscv_hal/init.o
 .group         0x0000000000000000        0xc ./riscv_hal/init.o
 .group         0x0000000000000000        0xc ./riscv_hal/init.o
 .group         0x0000000000000000        0xc ./riscv_hal/init.o
 .group         0x0000000000000000        0xc ./riscv_hal/init.o
 .group         0x0000000000000000        0xc ./riscv_hal/init.o
 .group         0x0000000000000000        0xc ./riscv_hal/init.o
 .group         0x0000000000000000        0xc ./riscv_hal/init.o
 .group         0x0000000000000000        0xc ./riscv_hal/init.o
 .group         0x0000000000000000        0xc ./riscv_hal/init.o
 .group         0x0000000000000000        0xc ./riscv_hal/init.o
 .group         0x0000000000000000        0xc ./riscv_hal/init.o
 .group         0x0000000000000000        0xc ./riscv_hal/init.o
 .group         0x0000000000000000        0xc ./riscv_hal/init.o
 .group         0x0000000000000000        0xc ./riscv_hal/init.o
 .group         0x0000000000000000        0xc ./riscv_hal/init.o
 .group         0x0000000000000000        0xc ./riscv_hal/init.o
 .group         0x0000000000000000        0xc ./riscv_hal/init.o
 .group         0x0000000000000000        0xc ./riscv_hal/init.o
 .group         0x0000000000000000        0xc ./riscv_hal/init.o
 .group         0x0000000000000000        0xc ./riscv_hal/init.o
 .group         0x0000000000000000        0xc ./riscv_hal/init.o
 .group         0x0000000000000000        0xc ./riscv_hal/init.o
 .group         0x0000000000000000        0xc ./riscv_hal/init.o
 .group         0x0000000000000000        0xc ./riscv_hal/init.o
 .group         0x0000000000000000        0xc ./riscv_hal/init.o
 .group         0x0000000000000000        0xc ./riscv_hal/init.o
 .group         0x0000000000000000        0xc ./riscv_hal/init.o
 .group         0x0000000000000000        0xc ./riscv_hal/init.o
 .group         0x0000000000000000        0xc ./riscv_hal/init.o
 .group         0x0000000000000000        0xc ./riscv_hal/init.o
 .group         0x0000000000000000        0xc ./riscv_hal/init.o
[...]
Memory Configuration

Name             Origin             Length             Attributes
ram              0x0000000080000000 0x0000000000080000 xrw
*default*        0x0000000000000000 0xffffffffffffffff

Linker script and memory map

LOAD ./riscv_hal/entry.o
LOAD ./riscv_hal/init.o
LOAD ./riscv_hal/riscv_hal.o
LOAD ./riscv_hal/riscv_hal_stubs.o
LOAD ./riscv_hal/syscall.o
LOAD ./hal/hal_irq.o
LOAD ./hal/hw_reg_access.o
LOAD ./drivers/CoreUARTapb/core_uart_apb.o
LOAD ./drivers/CoreTimer/core_timer.o
LOAD ./drivers/CoreI2C/core_i2c.o
LOAD ./drivers/CoreI2C/i2c_interrupt.o
LOAD ./drivers/CoreGPIO/core_gpio.o
LOAD ./drivers/Core16550/core_16550.o
LOAD ./FreeRTOS/portable/MemMang/heap_2.o
LOAD ./FreeRTOS/portable/GCC/RISCV/port.o
LOAD ./FreeRTOS/portable/GCC/RISCV/portasm.o
LOAD ./FreeRTOS/croutine.o
LOAD ./FreeRTOS/event_groups.o
LOAD ./FreeRTOS/list.o
LOAD ./FreeRTOS/queue.o
LOAD ./FreeRTOS/string.o
LOAD ./FreeRTOS/tasks.o
LOAD ./FreeRTOS/timers.o
LOAD ./FreeRTOS/chronos.o
LOAD ./FreeRTOS/globalMaster.o
LOAD ./FreeRTOS/applications.o
LOAD ./FreeRTOS/system_call.o
LOAD ./FreeRTOS/packet.o
LOAD ./FreeRTOS/dvfs.o
LOAD ./FreeRTOS/thermal.o
LOAD ./main.o
LOAD /soft64/Imperas.20210408/lib/Linux64/CrossCompiler/riscv-none-embed/bin/../lib/gcc/riscv-none-embed/8.1.0/rv32im/ilp32/libgcc.a
LOAD /soft64/Imperas.20210408/lib/Linux64/CrossCompiler/riscv-none-embed/bin/../lib/gcc/riscv-none-embed/8.1.0/../../../../riscv-none-embed/lib/rv32im/ilp32/libg_nano.a
LOAD /soft64/Imperas.20210408/lib/Linux64/CrossCompiler/riscv-none-embed/bin/../lib/gcc/riscv-none-embed/8.1.0/../../../../riscv-none-embed/lib/rv32im/ilp32/libc_nano.a
LOAD /soft64/Imperas.20210408/lib/Linux64/CrossCompiler/riscv-none-embed/bin/../lib/gcc/riscv-none-embed/8.1.0/rv32im/ilp32/libgcc.a
START GROUP
LOAD /soft64/Imperas.20210408/lib/Linux64/CrossCompiler/riscv-none-embed/bin/../lib/gcc/riscv-none-embed/8.1.0/rv32im/ilp32/libgcc.a
LOAD /soft64/Imperas.20210408/lib/Linux64/CrossCompiler/riscv-none-embed/bin/../lib/gcc/riscv-none-embed/8.1.0/../../../../riscv-none-embed/lib/rv32im/ilp32/libc_nano.a
END GROUP
                0x0000000080000000                RAM_START_ADDRESS = 0x80000000
                0x0000000000080000                RAM_SIZE = 0x80000
                0x0000000000010000                STACK_SIZE = 0x10000
                0x0000000000010000                HEAP_SIZE = 0x10000

.text           0x0000000080000000     0x7860
 *(SORT_NONE(.text.entry))
 .text.entry    0x0000000080000000      0x174 ./riscv_hal/entry.o
                0x0000000080000000                _start
                0x0000000080000180                . = ALIGN (0x10)
 *fill*         0x0000000080000174        0xc 
 *(.text .text.* .gnu.linkonce.t.*)
 .text.zero_section
                0x0000000080000180       0x50 ./riscv_hal/init.o
 .text._init    0x00000000800001d0       0x6c ./riscv_hal/init.o
                0x00000000800001d0                _init
 .text._fini    0x000000008000023c       0x1c ./riscv_hal/init.o
                0x000000008000023c                _fini
 .text.PLIC_DisableIRQ
                0x0000000080000258       0xb8 ./riscv_hal/riscv_hal.o
 .text.PLIC_ClaimIRQ
                0x0000000080000310       0x44 ./riscv_hal/riscv_hal.o
 .text.PLIC_CompleteIRQ
                0x0000000080000354       0x4c ./riscv_hal/riscv_hal.o
 .text.__enable_irq
                0x00000000800003a0       0x24 ./riscv_hal/riscv_hal.o
                0x00000000800003a0                __enable_irq
 .text.handle_m_timer_interrupt
                0x00000000800003c4       0xa8 ./riscv_hal/riscv_hal.o
                0x00000000800003c4                handle_m_timer_interrupt
 .text.handle_m_ext_interrupt
                0x000000008000046c       0x74 ./riscv_hal/riscv_hal.o
                0x000000008000046c                handle_m_ext_interrupt
 .text.handle_m_soft_interrupt
                0x00000000800004e0       0x30 ./riscv_hal/riscv_hal.o
                0x00000000800004e0                handle_m_soft_interrupt
 .text.handle_syscall
                0x0000000080000510      0x294 ./riscv_hal/riscv_hal.o
                0x0000000080000510                handle_syscall
 .text.handle_trap
                0x00000000800007a4      0x170 ./riscv_hal/riscv_hal.o
                0x00000000800007a4                handle_trap
 .text.Invalid_IRQHandler
                0x0000000080000914       0x20 ./riscv_hal/riscv_hal_stubs.o
                0x0000000080000914                Invalid_IRQHandler
 .text.External_1_IRQHandler
                0x0000000080000934       0x20 ./riscv_hal/riscv_hal_stubs.o
                0x0000000080000934                External_1_IRQHandler
 .text.External_3_IRQHandler
                0x0000000080000954       0x20 ./riscv_hal/riscv_hal_stubs.o
                0x0000000080000954                External_3_IRQHandler
 .text.External_4_IRQHandler
                0x0000000080000974       0x20 ./riscv_hal/riscv_hal_stubs.o
                0x0000000080000974                External_4_IRQHandler
 .text.External_5_IRQHandler
                0x0000000080000994       0x20 ./riscv_hal/riscv_hal_stubs.o
                0x0000000080000994                External_5_IRQHandler
 .text.External_6_IRQHandler
                0x00000000800009b4       0x20 ./riscv_hal/riscv_hal_stubs.o
                0x00000000800009b4                External_6_IRQHandler
 .text.External_7_IRQHandler
                0x00000000800009d4       0x20 ./riscv_hal/riscv_hal_stubs.o
                0x00000000800009d4                External_7_IRQHandler
 .text.External_8_IRQHandler
                0x00000000800009f4       0x20 ./riscv_hal/riscv_hal_stubs.o
                0x00000000800009f4                External_8_IRQHandler
 .text.External_9_IRQHandler
                0x0000000080000a14       0x20 ./riscv_hal/riscv_hal_stubs.o
                0x0000000080000a14                External_9_IRQHandler
 .text.External_10_IRQHandler
                0x0000000080000a34       0x20 ./riscv_hal/riscv_hal_stubs.o
                0x0000000080000a34                External_10_IRQHandler
 .text.External_11_IRQHandler
                0x0000000080000a54       0x20 ./riscv_hal/riscv_hal_stubs.o
                0x0000000080000a54                External_11_IRQHandler
 .text.External_12_IRQHandler
                0x0000000080000a74       0x20 ./riscv_hal/riscv_hal_stubs.o
                0x0000000080000a74                External_12_IRQHandler
 .text.External_13_IRQHandler
                0x0000000080000a94       0x20 ./riscv_hal/riscv_hal_stubs.o
                0x0000000080000a94                External_13_IRQHandler
 .text.External_14_IRQHandler
                0x0000000080000ab4       0x20 ./riscv_hal/riscv_hal_stubs.o
                0x0000000080000ab4                External_14_IRQHandler
 .text.External_15_IRQHandler
                0x0000000080000ad4       0x20 ./riscv_hal/riscv_hal_stubs.o
                0x0000000080000ad4                External_15_IRQHandler
 .text.External_16_IRQHandler
                0x0000000080000af4       0x20 ./riscv_hal/riscv_hal_stubs.o
                0x0000000080000af4                External_16_IRQHandler
 .text.External_17_IRQHandler
                0x0000000080000b14       0x20 ./riscv_hal/riscv_hal_stubs.o
                0x0000000080000b14                External_17_IRQHandler
 .text.External_18_IRQHandler
                0x0000000080000b34       0x20 ./riscv_hal/riscv_hal_stubs.o
                0x0000000080000b34                External_18_IRQHandler
 .text.External_19_IRQHandler
                0x0000000080000b54       0x20 ./riscv_hal/riscv_hal_stubs.o
                0x0000000080000b54                External_19_IRQHandler
 .text.External_20_IRQHandler
                0x0000000080000b74       0x20 ./riscv_hal/riscv_hal_stubs.o
                0x0000000080000b74                External_20_IRQHandler
 .text.External_21_IRQHandler
                0x0000000080000b94       0x20 ./riscv_hal/riscv_hal_stubs.o
                0x0000000080000b94                External_21_IRQHandler
 .text.External_22_IRQHandler
                0x0000000080000bb4       0x20 ./riscv_hal/riscv_hal_stubs.o
                0x0000000080000bb4                External_22_IRQHandler
 .text.External_23_IRQHandler
                0x0000000080000bd4       0x20 ./riscv_hal/riscv_hal_stubs.o
                0x0000000080000bd4                External_23_IRQHandler
 .text.External_24_IRQHandler
                0x0000000080000bf4       0x20 ./riscv_hal/riscv_hal_stubs.o
                0x0000000080000bf4                External_24_IRQHandler
 .text.External_25_IRQHandler
                0x0000000080000c14       0x20 ./riscv_hal/riscv_hal_stubs.o
                0x0000000080000c14                External_25_IRQHandler
 .text.External_26_IRQHandler
                0x0000000080000c34       0x20 ./riscv_hal/riscv_hal_stubs.o
                0x0000000080000c34                External_26_IRQHandler
 .text.External_27_IRQHandler
                0x0000000080000c54       0x20 ./riscv_hal/riscv_hal_stubs.o
                0x0000000080000c54                External_27_IRQHandler
 .text.External_28_IRQHandler
                0x0000000080000c74       0x20 ./riscv_hal/riscv_hal_stubs.o
                0x0000000080000c74                External_28_IRQHandler
 .text.External_29_IRQHandler
                0x0000000080000c94       0x20 ./riscv_hal/riscv_hal_stubs.o
                0x0000000080000c94                External_29_IRQHandler
 .text.External_30_IRQHandler
                0x0000000080000cb4       0x20 ./riscv_hal/riscv_hal_stubs.o
                0x0000000080000cb4                External_30_IRQHandler
 .text.External_31_IRQHandler
                0x0000000080000cd4       0x20 ./riscv_hal/riscv_hal_stubs.o
                0x0000000080000cd4                External_31_IRQHandler
 .text.write_hex
                0x0000000080000cf4       0xe8 ./riscv_hal/syscall.o
                0x0000000080000cf4                write_hex
 .text._exit    0x0000000080000ddc       0x50 ./riscv_hal/syscall.o
                0x0000000080000ddc                _exit
 .text._isatty  0x0000000080000e2c       0x50 ./riscv_hal/syscall.o
                0x0000000080000e2c                _isatty
 .text.stub     0x0000000080000e7c       0x30 ./riscv_hal/syscall.o
 .text._write   0x0000000080000eac       0xe8 ./riscv_hal/syscall.o
                0x0000000080000eac                _write
 .text          0x0000000080000f94       0xd8 ./hal/hw_reg_access.o
                0x0000000080000f94                HW_set_32bit_reg
                0x0000000080000f9c                HW_get_32bit_reg
                0x0000000080000fa4                HW_set_32bit_reg_field
                0x0000000080000fcc                HW_get_32bit_reg_field
                0x0000000080000fdc                HW_set_16bit_reg
                0x0000000080000fe4                HW_get_16bit_reg
                0x0000000080000fec                HW_set_16bit_reg_field
                0x0000000080001014                HW_get_16bit_reg_field
                0x0000000080001024                HW_set_8bit_reg
                0x000000008000102c                HW_get_8bit_reg
                0x0000000080001034                HW_set_8bit_reg_field
                0x000000008000105c                HW_get_8bit_reg_field
 .text.UART_init
                0x000000008000106c      0x118 ./drivers/CoreUARTapb/core_uart_apb.o
                0x000000008000106c                UART_init
 .text.UART_send
                0x0000000080001184       0xb4 ./drivers/CoreUARTapb/core_uart_apb.o
                0x0000000080001184                UART_send
 .text.UART_polled_tx_string
                0x0000000080001238       0xb0 ./drivers/CoreUARTapb/core_uart_apb.o
                0x0000000080001238                UART_polled_tx_string
 .text.pvPortMalloc
                0x00000000800012e8      0x1dc ./FreeRTOS/portable/MemMang/heap_2.o
                0x00000000800012e8                pvPortMalloc
 .text.vPortFree
                0x00000000800014c4       0xcc ./FreeRTOS/portable/MemMang/heap_2.o
                0x00000000800014c4                vPortFree
 .text.prvHeapInit
                0x0000000080001590       0x74 ./FreeRTOS/portable/MemMang/heap_2.o
 .text.raise_soft_interrupt
                0x0000000080001604       0x4c ./FreeRTOS/portable/GCC/RISCV/port.o
 .text.vPortEnterCritical
                0x0000000080001650       0x34 ./FreeRTOS/portable/GCC/RISCV/port.o
                0x0000000080001650                vPortEnterCritical
 .text.vPortExitCritical
                0x0000000080001684       0x40 ./FreeRTOS/portable/GCC/RISCV/port.o
                0x0000000080001684                vPortExitCritical
 .text.prvSetNextTimerInterrupt
                0x00000000800016c4       0xcc ./FreeRTOS/portable/GCC/RISCV/port.o
 .text.vPortSetupTimer
                0x0000000080001790       0xcc ./FreeRTOS/portable/GCC/RISCV/port.o
                0x0000000080001790                vPortSetupTimer
 .text.prvTaskExitError
                0x000000008000185c       0x2c ./FreeRTOS/portable/GCC/RISCV/port.o
 .text.pxPortInitialiseStack
                0x0000000080001888       0x94 ./FreeRTOS/portable/GCC/RISCV/port.o
                0x0000000080001888                pxPortInitialiseStack
 .text.SysTick_Handler
                0x000000008000191c       0xe4 ./FreeRTOS/portable/GCC/RISCV/port.o
                0x000000008000191c                SysTick_Handler
 .text.xPortStartScheduler
                0x0000000080001a00       0x44 ./FreeRTOS/portable/GCC/RISCV/port.o
                0x0000000080001a00                xPortStartScheduler
 .text.Software_IRQHandler
                0x0000000080001a44       0xf4 ./FreeRTOS/portable/GCC/RISCV/port.o
                0x0000000080001a44                Software_IRQHandler
 .text.vPortYield
                0x0000000080001b38       0x28 ./FreeRTOS/portable/GCC/RISCV/port.o
                0x0000000080001b38                vPortYield
 .text.vListInitialise
                0x0000000080001b60       0x64 ./FreeRTOS/list.o
                0x0000000080001b60                vListInitialise
 .text.vListInitialiseItem
                0x0000000080001bc4       0x28 ./FreeRTOS/list.o
                0x0000000080001bc4                vListInitialiseItem
 .text.vListInsertEnd
                0x0000000080001bec       0x88 ./FreeRTOS/list.o
                0x0000000080001bec                vListInsertEnd
 .text.vListInsert
                0x0000000080001c74       0xd4 ./FreeRTOS/list.o
                0x0000000080001c74                vListInsert
 .text.uxListRemove
                0x0000000080001d48       0x98 ./FreeRTOS/list.o
                0x0000000080001d48                uxListRemove
 .text.memset   0x0000000080001de0       0xe8 ./FreeRTOS/string.o
                0x0000000080001de0                memset
 .text.strlen   0x0000000080001ec8       0x50 ./FreeRTOS/string.o
                0x0000000080001ec8                strlen
 .text.xTaskGenericCreate
                0x0000000080001f18      0x21c ./FreeRTOS/tasks.o
                0x0000000080001f18                xTaskGenericCreate
 .text.vTaskDelete
                0x0000000080002134       0xdc ./FreeRTOS/tasks.o
                0x0000000080002134                vTaskDelete
 .text.vTaskDelay
                0x0000000080002210       0x84 ./FreeRTOS/tasks.o
                0x0000000080002210                vTaskDelay
 .text.vTaskStartScheduler
                0x0000000080002294       0x90 ./FreeRTOS/tasks.o
                0x0000000080002294                vTaskStartScheduler
 .text.vTaskSuspendAll
                0x0000000080002324       0x28 ./FreeRTOS/tasks.o
                0x0000000080002324                vTaskSuspendAll
 .text.xTaskResumeAll
                0x000000008000234c      0x160 ./FreeRTOS/tasks.o
                0x000000008000234c                xTaskResumeAll
 .text.xTaskGetTickCount
                0x00000000800024ac       0x38 ./FreeRTOS/tasks.o
                0x00000000800024ac                xTaskGetTickCount
 .text.xTaskIncrementTick
                0x00000000800024e4      0x1ec ./FreeRTOS/tasks.o
                0x00000000800024e4                xTaskIncrementTick
 .text.vTaskSwitchContext
                0x00000000800026d0       0xec ./FreeRTOS/tasks.o
                0x00000000800026d0                vTaskSwitchContext
 .text.prvIdleTask
                0x00000000800027bc       0x34 ./FreeRTOS/tasks.o
 .text.prvInitialiseTCBVariables
                0x00000000800027f0      0x138 ./FreeRTOS/tasks.o
 .text.prvInitialiseTaskLists
                0x0000000080002928       0xc0 ./FreeRTOS/tasks.o
 .text.prvCheckTasksWaitingTermination
                0x00000000800029e8       0xa0 ./FreeRTOS/tasks.o
 .text.prvAddCurrentTaskToDelayedList
                0x0000000080002a88       0x88 ./FreeRTOS/tasks.o
 .text.prvAllocateTCBAndStack
                0x0000000080002b10       0xc0 ./FreeRTOS/tasks.o
 .text.prvDeleteTCB
                0x0000000080002bd0       0x40 ./FreeRTOS/tasks.o
 .text.prvResetNextTaskUnblockTime
                0x0000000080002c10       0x60 ./FreeRTOS/tasks.o
 .text.xTaskGetCurrentTaskHandle
                0x0000000080002c70       0x28 ./FreeRTOS/tasks.o
                0x0000000080002c70                xTaskGetCurrentTaskHandle
 .text.PLIC_EnableIRQ
                0x0000000080002c98       0xb4 ./FreeRTOS/chronos.o
 .text.PLIC_SetPriority
                0x0000000080002d4c       0x3c ./FreeRTOS/chronos.o
 .text.Chronos_init
                0x0000000080002d88       0xf0 ./FreeRTOS/chronos.o
                0x0000000080002d88                Chronos_init
 .text.prints   0x0000000080002e78       0x70 ./FreeRTOS/chronos.o
                0x0000000080002e78                prints
 .text.printi   0x0000000080002ee8       0x3c ./FreeRTOS/chronos.o
                0x0000000080002ee8                printi
 .text.printsv  0x0000000080002f24       0x48 ./FreeRTOS/chronos.o
                0x0000000080002f24                printsv
 .text.printsvsv
                0x0000000080002f6c       0x60 ./FreeRTOS/chronos.o
                0x0000000080002f6c                printsvsv
 .text.getXpos  0x0000000080002fcc       0x2c ./FreeRTOS/chronos.o
                0x0000000080002fcc                getXpos
 .text.getYpos  0x0000000080002ff8       0x28 ./FreeRTOS/chronos.o
                0x0000000080002ff8                getYpos
 .text.SendRaw  0x0000000080003020       0x4c ./FreeRTOS/chronos.o
                0x0000000080003020                SendRaw
 .text.NI_enable_irq
                0x000000008000306c       0x3c ./FreeRTOS/chronos.o
                0x000000008000306c                NI_enable_irq
 .text.External_2_IRQHandler
                0x00000000800030a8       0x2c ./FreeRTOS/chronos.o
                0x00000000800030a8                External_2_IRQHandler
 .text.mySwap   0x00000000800030d4       0x4c ./FreeRTOS/chronos.o
                0x00000000800030d4                mySwap
 .text.reverse  0x0000000080003120       0x80 ./FreeRTOS/chronos.o
                0x0000000080003120                reverse
 .text.myItoa   0x00000000800031a0      0x1a0 ./FreeRTOS/chronos.o
                0x00000000800031a0                myItoa
 .text.makeAddress
                0x0000000080003340       0x40 ./FreeRTOS/chronos.o
                0x0000000080003340                makeAddress
 .text.API_PushSendQueue
                0x0000000080003380       0xa0 ./FreeRTOS/chronos.o
                0x0000000080003380                API_PushSendQueue
 .text.API_PopSendQueue
                0x0000000080003420       0x8c ./FreeRTOS/chronos.o
                0x0000000080003420                API_PopSendQueue
 .text.API_Try2Send
                0x00000000800034ac      0x130 ./FreeRTOS/chronos.o
                0x00000000800034ac                API_Try2Send
 .text.API_AckTaskAllocation
                0x00000000800035dc      0x164 ./FreeRTOS/chronos.o
                0x00000000800035dc                API_AckTaskAllocation
 .text.API_SendMessage
                0x0000000080003740      0x2f8 ./FreeRTOS/chronos.o
                0x0000000080003740                API_SendMessage
 .text.API_SendFinishTask
                0x0000000080003a38      0x190 ./FreeRTOS/chronos.o
                0x0000000080003a38                API_SendFinishTask
 .text.API_SendMessageReq
                0x0000000080003bc8      0x2b4 ./FreeRTOS/chronos.o
                0x0000000080003bc8                API_SendMessageReq
 .text.API_CheckMessagePipe
                0x0000000080003e7c      0x13c ./FreeRTOS/chronos.o
                0x0000000080003e7c                API_CheckMessagePipe
 .text.API_AddPendingReq
                0x0000000080003fb8       0x74 ./FreeRTOS/chronos.o
                0x0000000080003fb8                API_AddPendingReq
 .text.API_NI_Handler
                0x000000008000402c      0x818 ./FreeRTOS/chronos.o
                0x000000008000402c                API_NI_Handler
 .text.API_RepositoryWakeUp
                0x0000000080004844      0x114 ./FreeRTOS/globalMaster.o
                0x0000000080004844                API_RepositoryWakeUp
 .text.API_AddApplication
                0x0000000080004958      0x1e4 ./FreeRTOS/globalMaster.o
                0x0000000080004958                API_AddApplication
 .text.API_GetApplicationFreeSlot
                0x0000000080004b3c       0x84 ./FreeRTOS/globalMaster.o
                0x0000000080004b3c                API_GetApplicationFreeSlot
 .text.API_ApplicationsReset
                0x0000000080004bc0       0x60 ./FreeRTOS/globalMaster.o
                0x0000000080004bc0                API_ApplicationsReset
 .text.API_TilesReset
                0x0000000080004c20      0x128 ./FreeRTOS/globalMaster.o
                0x0000000080004c20                API_TilesReset
 .text.GeneratePatternMatrix
                0x0000000080004d48       0xa8 ./FreeRTOS/globalMaster.o
                0x0000000080004d48                GeneratePatternMatrix
 .text.API_AllocateTasks
                0x0000000080004df0      0x2d8 ./FreeRTOS/globalMaster.o
                0x0000000080004df0                API_AllocateTasks
 .text.API_DealocateTask
                0x00000000800050c8      0x360 ./FreeRTOS/globalMaster.o
                0x00000000800050c8                API_DealocateTask
 .text.getNextPriorityAddr
                0x0000000080005428      0x134 ./FreeRTOS/globalMaster.o
                0x0000000080005428                getNextPriorityAddr
 .text.API_GetTaskSlotFromTile
                0x000000008000555c      0x15c ./FreeRTOS/globalMaster.o
                0x000000008000555c                API_GetTaskSlotFromTile
 .text.API_ClearTaskSlotFromTile
                0x00000000800056b8      0x140 ./FreeRTOS/globalMaster.o
                0x00000000800056b8                API_ClearTaskSlotFromTile
 .text.API_GetSystemTasksSlots
                0x00000000800057f8       0xec ./FreeRTOS/globalMaster.o
                0x00000000800057f8                API_GetSystemTasksSlots
 .text.API_RepositoryAllocation
                0x00000000800058e4      0x1ac ./FreeRTOS/globalMaster.o
                0x00000000800058e4                API_RepositoryAllocation
 .text.API_TaskAllocated
                0x0000000080005a90      0x128 ./FreeRTOS/globalMaster.o
                0x0000000080005a90                API_TaskAllocated
 .text.API_ApplicationStart
                0x0000000080005bb8      0x2bc ./FreeRTOS/globalMaster.o
                0x0000000080005bb8                API_ApplicationStart
 .text.API_TaskListInit
                0x0000000080005e74       0xb0 ./FreeRTOS/applications.o
                0x0000000080005e74                API_TaskListInit
 .text.API_GetCurrentTaskSlot
                0x0000000080005f24       0x94 ./FreeRTOS/applications.o
                0x0000000080005f24                API_GetCurrentTaskSlot
 .text.API_GetFreeTaskSlot
                0x0000000080005fb8       0x84 ./FreeRTOS/applications.o
                0x0000000080005fb8                API_GetFreeTaskSlot
 .text.API_TaskAllocation
                0x000000008000603c      0x2d8 ./FreeRTOS/applications.o
                0x000000008000603c                API_TaskAllocation
 .text.API_GetTaskSlot
                0x0000000080006314       0xe4 ./FreeRTOS/applications.o
                0x0000000080006314                API_GetTaskSlot
 .text.API_TaskStart
                0x00000000800063f8       0xe4 ./FreeRTOS/applications.o
                0x00000000800063f8                API_TaskStart
 .text.API_FinishRunningTask
                0x00000000800064dc      0x264 ./FreeRTOS/applications.o
                0x00000000800064dc                API_FinishRunningTask
 .text.API_PipeInitialization
                0x0000000080006740       0xa8 ./FreeRTOS/packet.o
                0x0000000080006740                API_PipeInitialization
 .text.API_GetMessageSlot
                0x00000000800067e8      0x14c ./FreeRTOS/packet.o
                0x00000000800067e8                API_GetMessageSlot
 .text.API_GetServiceSlot
                0x0000000080006934       0xa0 ./FreeRTOS/packet.o
                0x0000000080006934                API_GetServiceSlot
 .text.API_ClearPipeSlot
                0x00000000800069d4       0x9c ./FreeRTOS/packet.o
                0x00000000800069d4                API_ClearPipeSlot
 .text.API_checkPipe
                0x0000000080006a70       0x94 ./FreeRTOS/packet.o
                0x0000000080006a70                API_checkPipe
 .text.API_setFreqIdle
                0x0000000080006b04       0x40 ./FreeRTOS/dvfs.o
                0x0000000080006b04                API_setFreqIdle
 .text.API_setFreqScale
                0x0000000080006b44       0x30 ./FreeRTOS/dvfs.o
                0x0000000080006b44                API_setFreqScale
 .text.printExecutedInstructions
                0x0000000080006b74       0x9c ./FreeRTOS/thermal.o
                0x0000000080006b74                printExecutedInstructions
 .text.resetExecutedInstructions
                0x0000000080006c10       0x54 ./FreeRTOS/thermal.o
                0x0000000080006c10                resetExecutedInstructions
 .text.PLIC_init
                0x0000000080006c64       0xd0 ./main.o
 .text.main     0x0000000080006d34      0x124 ./main.o
                0x0000000080006d34                main
 .text.vApplicationMallocFailedHook
                0x0000000080006e58       0x14 ./main.o
                0x0000000080006e58                vApplicationMallocFailedHook
 .text.vApplicationIdleHook
                0x0000000080006e6c       0x1c ./main.o
                0x0000000080006e6c                vApplicationIdleHook
 .text.GlobalManagerTask
                0x0000000080006e88       0x94 ./main.o
 .text.write    0x0000000080006f1c       0x18 /soft64/Imperas.20210408/lib/Linux64/CrossCompiler/riscv-none-embed/bin/../lib/gcc/riscv-none-embed/8.1.0/../../../../riscv-none-embed/lib/rv32im/ilp32/libg_nano.a(lib_a-syswrite.o)
                0x0000000080006f1c                write
 .text._write_r
                0x0000000080006f34       0x54 /soft64/Imperas.20210408/lib/Linux64/CrossCompiler/riscv-none-embed/bin/../lib/gcc/riscv-none-embed/8.1.0/../../../../riscv-none-embed/lib/rv32im/ilp32/libg_nano.a(lib_a-writer.o)
                0x0000000080006f34                _write_r
 *(.plt)
                0x0000000080006f90                . = ALIGN (0x10)
 *fill*         0x0000000080006f88        0x8 
 *crtbegin.o(.ctors)
 *(EXCLUDE_FILE(*crtend.o) .ctors)
 *(SORT_BY_NAME(.ctors.*))
 *crtend.o(.ctors)
 *crtbegin.o(.dtors)
 *(EXCLUDE_FILE(*crtend.o) .dtors)
 *(SORT_BY_NAME(.dtors.*))
 *crtend.o(.dtors)
 *(.rodata .rodata.* .gnu.linkonce.r.*)
 .rodata        0x0000000080006f90        0x6 ./riscv_hal/init.o
 *fill*         0x0000000080006f96        0x2 
 .rodata        0x0000000080006f98       0x91 ./riscv_hal/riscv_hal.o
 *fill*         0x0000000080007029        0x3 
 .rodata.handle_syscall
                0x000000008000702c       0xe4 ./riscv_hal/riscv_hal.o
 .rodata        0x0000000080007110       0x26 ./riscv_hal/syscall.o
 *fill*         0x0000000080007136        0x2 
 .rodata        0x0000000080007138        0x5 ./FreeRTOS/tasks.o
 *fill*         0x000000008000713d        0x3 
 .rodata        0x0000000080007140      0x35b ./FreeRTOS/chronos.o
 *fill*         0x000000008000749b        0x1 
 .rodata        0x000000008000749c      0x13c ./FreeRTOS/globalMaster.o
 .rodata        0x00000000800075d8      0x12b ./FreeRTOS/applications.o
 *fill*         0x0000000080007703        0x1 
 .rodata        0x0000000080007704       0x12 ./FreeRTOS/dvfs.o
 *fill*         0x0000000080007716        0x2 
 .rodata        0x0000000080007718       0x3e ./FreeRTOS/thermal.o
 *fill*         0x0000000080007756        0x2 
 .rodata        0x0000000080007758       0xfa ./main.o
 *(.gcc_except_table)
 *(.eh_frame_hdr)
 *(.eh_frame)
 *(.init)
 *(.fini)
                [!provide]                        PROVIDE (__preinit_array_start = .)
 *(.preinit_array)
                [!provide]                        PROVIDE (__preinit_array_end = .)
                [!provide]                        PROVIDE (__init_array_start = .)
 *(SORT_BY_NAME(.init_array.*))
 *(.init_array)
                [!provide]                        PROVIDE (__init_array_end = .)
                [!provide]                        PROVIDE (__fini_array_start = .)
 *(.fini_array)
 *(SORT_BY_NAME(.fini_array.*))
                [!provide]                        PROVIDE (__fini_array_end = .)
                0x0000000080007860                . = ALIGN (0x10)
 *fill*         0x0000000080007852        0xe 

.rela.dyn       0x0000000080007860        0x0
 .rela.text.entry
                0x0000000080007860        0x0 ./riscv_hal/entry.o
 .rela.text._init
                0x0000000080007860        0x0 ./riscv_hal/entry.o
 .rela.data.ext_irq_handler_table
                0x0000000080007860        0x0 ./riscv_hal/entry.o
 .rela.text.handle_syscall
                0x0000000080007860        0x0 ./riscv_hal/entry.o
 .rela.text._isatty
                0x0000000080007860        0x0 ./riscv_hal/entry.o
 .rela.text.stub
                0x0000000080007860        0x0 ./riscv_hal/entry.o
 .rela.text.Chronos_init
                0x0000000080007860        0x0 ./riscv_hal/entry.o
 .rela.text.API_PushSendQueue
                0x0000000080007860        0x0 ./riscv_hal/entry.o
 .rela.text.API_PopSendQueue
                0x0000000080007860        0x0 ./riscv_hal/entry.o
 .rela.text.API_Try2Send
                0x0000000080007860        0x0 ./riscv_hal/entry.o
 .rela.text.API_AckTaskAllocation
                0x0000000080007860        0x0 ./riscv_hal/entry.o
 .rela.text.API_SendMessage
                0x0000000080007860        0x0 ./riscv_hal/entry.o
 .rela.text.API_SendFinishTask
                0x0000000080007860        0x0 ./riscv_hal/entry.o
 .rela.text.API_SendMessageReq
                0x0000000080007860        0x0 ./riscv_hal/entry.o
 .rela.text.API_CheckMessagePipe
                0x0000000080007860        0x0 ./riscv_hal/entry.o
 .rela.text.API_AddPendingReq
                0x0000000080007860        0x0 ./riscv_hal/entry.o
 .rela.text.API_NI_Handler
                0x0000000080007860        0x0 ./riscv_hal/entry.o
 .rela.text.API_RepositoryWakeUp
                0x0000000080007860        0x0 ./riscv_hal/entry.o
 .rela.text.API_AddApplication
                0x0000000080007860        0x0 ./riscv_hal/entry.o
 .rela.text.API_GetApplicationFreeSlot
                0x0000000080007860        0x0 ./riscv_hal/entry.o
 .rela.text.API_ApplicationsReset
                0x0000000080007860        0x0 ./riscv_hal/entry.o
 .rela.text.API_TilesReset
                0x0000000080007860        0x0 ./riscv_hal/entry.o
 .rela.text.GeneratePatternMatrix
                0x0000000080007860        0x0 ./riscv_hal/entry.o
 .rela.text.API_AllocateTasks
                0x0000000080007860        0x0 ./riscv_hal/entry.o
 .rela.text.API_DealocateTask
                0x0000000080007860        0x0 ./riscv_hal/entry.o
 .rela.text.getNextPriorityAddr
                0x0000000080007860        0x0 ./riscv_hal/entry.o
 .rela.text.API_GetTaskSlotFromTile
                0x0000000080007860        0x0 ./riscv_hal/entry.o
 .rela.text.API_ClearTaskSlotFromTile
                0x0000000080007860        0x0 ./riscv_hal/entry.o
 .rela.text.API_GetSystemTasksSlots
                0x0000000080007860        0x0 ./riscv_hal/entry.o
 .rela.text.API_RepositoryAllocation
                0x0000000080007860        0x0 ./riscv_hal/entry.o
 .rela.text.API_TaskAllocated
                0x0000000080007860        0x0 ./riscv_hal/entry.o
 .rela.text.API_ApplicationStart
                0x0000000080007860        0x0 ./riscv_hal/entry.o
 .rela.text.API_TaskListInit
                0x0000000080007860        0x0 ./riscv_hal/entry.o
 .rela.text.API_GetCurrentTaskSlot
                0x0000000080007860        0x0 ./riscv_hal/entry.o
 .rela.text.API_GetFreeTaskSlot
                0x0000000080007860        0x0 ./riscv_hal/entry.o
 .rela.text.API_TaskAllocation
                0x0000000080007860        0x0 ./riscv_hal/entry.o
 .rela.text.API_GetTaskSlot
                0x0000000080007860        0x0 ./riscv_hal/entry.o
 .rela.text.API_TaskStart
                0x0000000080007860        0x0 ./riscv_hal/entry.o
 .rela.text.API_FinishRunningTask
                0x0000000080007860        0x0 ./riscv_hal/entry.o
 .rela.text.API_PipeInitialization
                0x0000000080007860        0x0 ./riscv_hal/entry.o
 .rela.text.API_GetMessageSlot
                0x0000000080007860        0x0 ./riscv_hal/entry.o
 .rela.text.API_GetServiceSlot
                0x0000000080007860        0x0 ./riscv_hal/entry.o
 .rela.text.API_ClearPipeSlot
                0x0000000080007860        0x0 ./riscv_hal/entry.o
 .rela.text.API_checkPipe
                0x0000000080007860        0x0 ./riscv_hal/entry.o
 .rela.text.main
                0x0000000080007860        0x0 ./riscv_hal/entry.o
 .rela.text.GlobalManagerTask
                0x0000000080007860        0x0 ./riscv_hal/entry.o
 .rela.text._write_r
                0x0000000080007860        0x0 ./riscv_hal/entry.o
 .rela.data.impure_data
                0x0000000080007860        0x0 ./riscv_hal/entry.o

.sdata          0x0000000080007860       0x20
                0x0000000080007860                __sdata_load = LOADADDR (.sdata)
                0x0000000080007860                __sdata_start = .
                0x0000000080008060                PROVIDE (__global_pointer$ = (. + 0x800))
 *(.srodata.cst16)
 *(.srodata.cst8)
 *(.srodata.cst4)
 *(.srodata.cst2)
 *(.srodata*)
 *(.sdata .sdata.* .gnu.linkonce.s.*)
 .sdata.xFreeBytesRemaining
                0x0000000080007860        0x4 ./FreeRTOS/portable/MemMang/heap_2.o
 .sdata.uxCriticalNesting
                0x0000000080007864        0x4 ./FreeRTOS/portable/GCC/RISCV/port.o
 .sdata.mtime   0x0000000080007868        0x4 ./FreeRTOS/portable/GCC/RISCV/port.o
 .sdata.mtimecmp
                0x000000008000786c        0x4 ./FreeRTOS/portable/GCC/RISCV/port.o
 .sdata.frequencyScale
                0x0000000080007870        0x4 ./FreeRTOS/dvfs.o
                0x0000000080007870                frequencyScale
 .sdata._impure_ptr
                0x0000000080007874        0x4 /soft64/Imperas.20210408/lib/Linux64/CrossCompiler/riscv-none-embed/bin/../lib/gcc/riscv-none-embed/8.1.0/../../../../riscv-none-embed/lib/rv32im/ilp32/libg_nano.a(lib_a-impure.o)
                0x0000000080007874                _impure_ptr
                0x0000000080007880                . = ALIGN (0x10)
 *fill*         0x0000000080007878        0x8 
                0x0000000080007880                __sdata_end = .

.data           0x0000000080007880       0xe0
                0x0000000080007880                __data_load = LOADADDR (.data)
                0x0000000080007880                __data_start = .
 *(.got.plt)
 *(.got)
 *(.shdata)
 *(.data .data.* .gnu.linkonce.d.*)
 .data.ext_irq_handler_table
                0x0000000080007880       0x80 ./riscv_hal/riscv_hal.o
                0x0000000080007880                ext_irq_handler_table
 .data.impure_data
                0x0000000080007900       0x60 /soft64/Imperas.20210408/lib/Linux64/CrossCompiler/riscv-none-embed/bin/../lib/gcc/riscv-none-embed/8.1.0/../../../../riscv-none-embed/lib/rv32im/ilp32/libg_nano.a(lib_a-impure.o)
                0x0000000080007960                . = ALIGN (0x10)
                0x0000000080007960                __data_end = .

.sbss           0x0000000080007960       0x70
                0x0000000080007960                __sbss_start = .
 *(.sbss .sbss.* .gnu.linkonce.sb.*)
 .sbss.g_systick_increment
                0x0000000080007960        0x8 ./riscv_hal/riscv_hal.o
 .sbss.g_stdio_uart
                0x0000000080007968        0x8 ./riscv_hal/syscall.o
 .sbss.g_stdio_uart_init_done
                0x0000000080007970        0x4 ./riscv_hal/syscall.o
 .sbss.xStart   0x0000000080007974        0x8 ./FreeRTOS/portable/MemMang/heap_2.o
 .sbss.xEnd     0x000000008000797c        0x8 ./FreeRTOS/portable/MemMang/heap_2.o
 .sbss.xHeapHasBeenInitialised.2777
                0x0000000080007984        0x4 ./FreeRTOS/portable/MemMang/heap_2.o
 .sbss.g_startscheduler
                0x0000000080007988        0x4 ./FreeRTOS/portable/GCC/RISCV/port.o
                0x0000000080007988                g_startscheduler
 .sbss.pxCurrentTCB
                0x000000008000798c        0x4 ./FreeRTOS/tasks.o
                0x000000008000798c                pxCurrentTCB
 .sbss.pxDelayedTaskList
                0x0000000080007990        0x4 ./FreeRTOS/tasks.o
 .sbss.pxOverflowDelayedTaskList
                0x0000000080007994        0x4 ./FreeRTOS/tasks.o
 .sbss.uxTasksDeleted
                0x0000000080007998        0x4 ./FreeRTOS/tasks.o
 .sbss.uxCurrentNumberOfTasks
                0x000000008000799c        0x4 ./FreeRTOS/tasks.o
 .sbss.xTickCount
                0x00000000800079a0        0x4 ./FreeRTOS/tasks.o
 .sbss.uxTopReadyPriority
                0x00000000800079a4        0x4 ./FreeRTOS/tasks.o
 .sbss.xSchedulerRunning
                0x00000000800079a8        0x4 ./FreeRTOS/tasks.o
 .sbss.uxPendedTicks
                0x00000000800079ac        0x4 ./FreeRTOS/tasks.o
 .sbss.xYieldPending
                0x00000000800079b0        0x4 ./FreeRTOS/tasks.o
 .sbss.xNumOfOverflows
                0x00000000800079b4        0x4 ./FreeRTOS/tasks.o
 .sbss.uxTaskNumber
                0x00000000800079b8        0x4 ./FreeRTOS/tasks.o
 .sbss.xNextTaskUnblockTime
                0x00000000800079bc        0x4 ./FreeRTOS/tasks.o
 .sbss.uxSchedulerSuspended
                0x00000000800079c0        0x4 ./FreeRTOS/tasks.o
 *(.scommon)
                0x00000000800079d0                . = ALIGN (0x10)
 *fill*         0x00000000800079c4        0xc 
                0x00000000800079d0                __sbss_end = .

.bss            0x00000000800079d0    0x1a680
                0x00000000800079d0                __bss_start = .
 *(.shbss)
 *(.bss .bss.* .gnu.linkonce.b.*)
 .bss.ucHeap    0x00000000800079d0    0x19000 ./FreeRTOS/portable/MemMang/heap_2.o
 .bss.pxReadyTasksLists
                0x00000000800209d0       0x64 ./FreeRTOS/tasks.o
 .bss.xDelayedTaskList1
                0x0000000080020a34       0x14 ./FreeRTOS/tasks.o
 .bss.xDelayedTaskList2
                0x0000000080020a48       0x14 ./FreeRTOS/tasks.o
 .bss.xPendingReadyList
                0x0000000080020a5c       0x14 ./FreeRTOS/tasks.o
 .bss.xTasksWaitingTermination
                0x0000000080020a70       0x14 ./FreeRTOS/tasks.o
 .bss.xSuspendedTaskList
                0x0000000080020a84       0x14 ./FreeRTOS/tasks.o
 *(COMMON)
 COMMON         0x0000000080020a98      0xa78 ./riscv_hal/riscv_hal.o
                0x0000000080020a98                SendingSlot
                0x0000000080020a9c                ServicePipe
                0x0000000080020b8c                messageID
                0x0000000080020b90                incommingPacket
                0x0000000080020bc4                SendingQueue
                0x0000000080020be4                SendingQueue_tail
                0x0000000080020be8                str
                0x0000000080020bfc                SendingQueue_front
                0x0000000080020c00                MessagePipe
 COMMON         0x0000000080021510        0x4 ./riscv_hal/syscall.o
                0x0000000080021510                errno
 COMMON         0x0000000080021514      0xb2c ./FreeRTOS/chronos.o
                0x0000000080021514                priorityMatrix
                0x0000000080021538                applications
                0x0000000080021cb8                TaskList
                0x0000000080021fd0                priorityPointer
                0x0000000080021fd4                Tiles
 COMMON         0x0000000080022040        0xc ./main.o
                0x0000000080022040                g_uart
                0x0000000080022048                ProcessorAddr
                0x0000000080022050                . = ALIGN (0x10)
 *fill*         0x000000008002204c        0x4 
                0x0000000080022050                __bss_end = .
                0x0000000080022050                _end = .

.heap           0x0000000080022050    0x10000
                0x0000000080022050                __heap_start = .
                0x0000000080032050                . = (. + HEAP_SIZE)
 *fill*         0x0000000080022050    0x10000 
                0x0000000080032050                __heap_end = .
                0x0000000080032050                . = ALIGN (0x10)
                0x0000000080032050                _heap_end = __heap_end

.stack          0x0000000080032050    0x10000
                0x0000000080032050                __stack_bottom = .
                0x0000000080042050                . = (. + STACK_SIZE)
 *fill*         0x0000000080032050    0x10000 
                0x0000000080042050                __stack_top = .
OUTPUT(miv-rv32im-freertos-port-test.elf elf32-littleriscv)

.debug_line     0x0000000000000000     0xb2e7
 .debug_line    0x0000000000000000      0x25b ./riscv_hal/entry.o
 .debug_line    0x000000000000025b      0x44e ./riscv_hal/init.o
 .debug_line    0x00000000000006a9      0xc8a ./riscv_hal/riscv_hal.o
 .debug_line    0x0000000000001333      0x7c8 ./riscv_hal/riscv_hal_stubs.o
 .debug_line    0x0000000000001afb      0x953 ./riscv_hal/syscall.o
 .debug_line    0x000000000000244e      0x185 ./hal/hw_reg_access.o
 .debug_line    0x00000000000025d3      0x714 ./drivers/CoreUARTapb/core_uart_apb.o
 .debug_line    0x0000000000002ce7      0x6cf ./FreeRTOS/portable/MemMang/heap_2.o
 .debug_line    0x00000000000033b6      0x9ab ./FreeRTOS/portable/GCC/RISCV/port.o
 .debug_line    0x0000000000003d61      0x602 ./FreeRTOS/list.o
 .debug_line    0x0000000000004363      0x699 ./FreeRTOS/string.o
 .debug_line    0x00000000000049fc     0x2956 ./FreeRTOS/tasks.o
 .debug_line    0x0000000000007352     0x1341 ./FreeRTOS/chronos.o
 .debug_line    0x0000000000008693      0xeff ./FreeRTOS/globalMaster.o
 .debug_line    0x0000000000009592      0x898 ./FreeRTOS/applications.o
 .debug_line    0x0000000000009e2a      0x6a9 ./FreeRTOS/packet.o
 .debug_line    0x000000000000a4d3      0x45d ./FreeRTOS/dvfs.o
 .debug_line    0x000000000000a930       0xc3 ./FreeRTOS/thermal.o
 .debug_line    0x000000000000a9f3      0x8f4 ./main.o

.debug_info     0x0000000000000000     0xf791
 .debug_info    0x0000000000000000       0x26 ./riscv_hal/entry.o
 .debug_info    0x0000000000000026      0xb0b ./riscv_hal/init.o
 .debug_info    0x0000000000000b31     0x1745 ./riscv_hal/riscv_hal.o
 .debug_info    0x0000000000002276      0x3e0 ./riscv_hal/riscv_hal_stubs.o
 .debug_info    0x0000000000002656     0x1219 ./riscv_hal/syscall.o
 .debug_info    0x000000000000386f       0x26 ./hal/hw_reg_access.o
 .debug_info    0x0000000000003895      0xc02 ./drivers/CoreUARTapb/core_uart_apb.o
 .debug_info    0x0000000000004497      0xbd6 ./FreeRTOS/portable/MemMang/heap_2.o
 .debug_info    0x000000000000506d      0xc95 ./FreeRTOS/portable/GCC/RISCV/port.o
 .debug_info    0x0000000000005d02      0xb83 ./FreeRTOS/list.o
 .debug_info    0x0000000000006885      0xb73 ./FreeRTOS/string.o
 .debug_info    0x00000000000073f8     0x1f88 ./FreeRTOS/tasks.o
 .debug_info    0x0000000000009380     0x1a81 ./FreeRTOS/chronos.o
 .debug_info    0x000000000000ae01     0x1362 ./FreeRTOS/globalMaster.o
 .debug_info    0x000000000000c163     0x1082 ./FreeRTOS/applications.o
 .debug_info    0x000000000000d1e5      0xe48 ./FreeRTOS/packet.o
 .debug_info    0x000000000000e02d       0xda ./FreeRTOS/dvfs.o
 .debug_info    0x000000000000e107       0x9b ./FreeRTOS/thermal.o
 .debug_info    0x000000000000e1a2     0x15ef ./main.o

.debug_abbrev   0x0000000000000000     0x2c53
 .debug_abbrev  0x0000000000000000       0x14 ./riscv_hal/entry.o
 .debug_abbrev  0x0000000000000014      0x268 ./riscv_hal/init.o
 .debug_abbrev  0x000000000000027c      0x3f8 ./riscv_hal/riscv_hal.o
 .debug_abbrev  0x0000000000000674       0xc0 ./riscv_hal/riscv_hal_stubs.o
 .debug_abbrev  0x0000000000000734      0x2f8 ./riscv_hal/syscall.o
 .debug_abbrev  0x0000000000000a2c       0x14 ./hal/hw_reg_access.o
 .debug_abbrev  0x0000000000000a40      0x25b ./drivers/CoreUARTapb/core_uart_apb.o
 .debug_abbrev  0x0000000000000c9b      0x2c5 ./FreeRTOS/portable/MemMang/heap_2.o
 .debug_abbrev  0x0000000000000f60      0x31d ./FreeRTOS/portable/GCC/RISCV/port.o
 .debug_abbrev  0x000000000000127d      0x22e ./FreeRTOS/list.o
 .debug_abbrev  0x00000000000014ab      0x238 ./FreeRTOS/string.o
 .debug_abbrev  0x00000000000016e3      0x39a ./FreeRTOS/tasks.o
 .debug_abbrev  0x0000000000001a7d      0x45b ./FreeRTOS/chronos.o
 .debug_abbrev  0x0000000000001ed8      0x389 ./FreeRTOS/globalMaster.o
 .debug_abbrev  0x0000000000002261      0x2c6 ./FreeRTOS/applications.o
 .debug_abbrev  0x0000000000002527      0x28b ./FreeRTOS/packet.o
 .debug_abbrev  0x00000000000027b2       0xe1 ./FreeRTOS/dvfs.o
 .debug_abbrev  0x0000000000002893       0x81 ./FreeRTOS/thermal.o
 .debug_abbrev  0x0000000000002914      0x33f ./main.o

.debug_aranges  0x0000000000000000      0x978
 .debug_aranges
                0x0000000000000000       0x20 ./riscv_hal/entry.o
 .debug_aranges
                0x0000000000000020       0x38 ./riscv_hal/init.o
 .debug_aranges
                0x0000000000000058       0xa8 ./riscv_hal/riscv_hal.o
 .debug_aranges
                0x0000000000000100      0x130 ./riscv_hal/riscv_hal_stubs.o
 .debug_aranges
                0x0000000000000230       0xc0 ./riscv_hal/syscall.o
 .debug_aranges
                0x00000000000002f0       0x20 ./hal/hw_reg_access.o
 .debug_aranges
                0x0000000000000310       0x48 ./drivers/CoreUARTapb/core_uart_apb.o
 .debug_aranges
                0x0000000000000358       0x40 ./FreeRTOS/portable/MemMang/heap_2.o
 .debug_aranges
                0x0000000000000398       0x80 ./FreeRTOS/portable/GCC/RISCV/port.o
 .debug_aranges
                0x0000000000000418       0x40 ./FreeRTOS/list.o
 .debug_aranges
                0x0000000000000458       0x48 ./FreeRTOS/string.o
 .debug_aranges
                0x00000000000004a0      0x1c8 ./FreeRTOS/tasks.o
 .debug_aranges
                0x0000000000000668      0x100 ./FreeRTOS/chronos.o
 .debug_aranges
                0x0000000000000768       0x98 ./FreeRTOS/globalMaster.o
 .debug_aranges
                0x0000000000000800       0x50 ./FreeRTOS/applications.o
 .debug_aranges
                0x0000000000000850       0x40 ./FreeRTOS/packet.o
 .debug_aranges
                0x0000000000000890       0x40 ./FreeRTOS/dvfs.o
 .debug_aranges
                0x00000000000008d0       0x28 ./FreeRTOS/thermal.o
 .debug_aranges
                0x00000000000008f8       0x80 ./main.o

.debug_str      0x0000000000000000    0x12db6
 .debug_str     0x0000000000000000       0x5b ./riscv_hal/entry.o
 .debug_str     0x000000000000005b     0x8be4 ./riscv_hal/init.o
                                       0x8e86 (size before relaxing)
 .debug_str     0x0000000000008c3f     0x4329 ./riscv_hal/riscv_hal.o
                                       0xd162 (size before relaxing)
 .debug_str     0x000000000000cf68      0x306 ./riscv_hal/riscv_hal_stubs.o
                                       0x666c (size before relaxing)
 .debug_str     0x000000000000d26e     0x12db ./riscv_hal/syscall.o
                                       0xa40d (size before relaxing)
 .debug_str     0x000000000000e549       0x17 ./hal/hw_reg_access.o
                                         0x5d (size before relaxing)
 .debug_str     0x000000000000e560      0xe38 ./drivers/CoreUARTapb/core_uart_apb.o
                                       0x840c (size before relaxing)
 .debug_str     0x000000000000f398      0x3c6 ./FreeRTOS/portable/MemMang/heap_2.o
                                       0xaaef (size before relaxing)
 .debug_str     0x000000000000f75e      0x1aa ./FreeRTOS/portable/GCC/RISCV/port.o
                                       0xa882 (size before relaxing)
 .debug_str     0x000000000000f908      0x11e ./FreeRTOS/list.o
                                       0xa0e5 (size before relaxing)
 .debug_str     0x000000000000fa26      0x85e ./FreeRTOS/string.o
                                       0x6aa8 (size before relaxing)
 .debug_str     0x0000000000010284     0x186c ./FreeRTOS/tasks.o
                                       0xc167 (size before relaxing)
 .debug_str     0x0000000000011af0      0x42a ./FreeRTOS/chronos.o
                                       0xb5c0 (size before relaxing)
 .debug_str     0x0000000000011f1a      0x186 ./FreeRTOS/globalMaster.o
                                       0xb084 (size before relaxing)
 .debug_str     0x00000000000120a0       0x98 ./FreeRTOS/applications.o
                                       0xaffa (size before relaxing)
 .debug_str     0x0000000000012138       0x7b ./FreeRTOS/packet.o
                                       0xae41 (size before relaxing)
 .debug_str     0x00000000000121b3       0xe2 ./FreeRTOS/dvfs.o
                                       0x259d (size before relaxing)
 .debug_str     0x0000000000012295       0x91 ./FreeRTOS/thermal.o
                                       0x255a (size before relaxing)
 .debug_str     0x0000000000012326      0xa90 ./main.o
                                       0xd9fe (size before relaxing)

.debug_ranges   0x0000000000000000      0x840
 .debug_ranges  0x0000000000000000       0x28 ./riscv_hal/init.o
 .debug_ranges  0x0000000000000028       0x98 ./riscv_hal/riscv_hal.o
 .debug_ranges  0x00000000000000c0      0x120 ./riscv_hal/riscv_hal_stubs.o
 .debug_ranges  0x00000000000001e0       0xb0 ./riscv_hal/syscall.o
 .debug_ranges  0x0000000000000290       0x38 ./drivers/CoreUARTapb/core_uart_apb.o
 .debug_ranges  0x00000000000002c8       0x30 ./FreeRTOS/portable/MemMang/heap_2.o
 .debug_ranges  0x00000000000002f8       0x70 ./FreeRTOS/portable/GCC/RISCV/port.o
 .debug_ranges  0x0000000000000368       0x30 ./FreeRTOS/list.o
 .debug_ranges  0x0000000000000398       0x38 ./FreeRTOS/string.o
 .debug_ranges  0x00000000000003d0      0x1b8 ./FreeRTOS/tasks.o
 .debug_ranges  0x0000000000000588       0xf0 ./FreeRTOS/chronos.o
 .debug_ranges  0x0000000000000678       0xa0 ./FreeRTOS/globalMaster.o
 .debug_ranges  0x0000000000000718       0x40 ./FreeRTOS/applications.o
 .debug_ranges  0x0000000000000758       0x30 ./FreeRTOS/packet.o
 .debug_ranges  0x0000000000000788       0x30 ./FreeRTOS/dvfs.o
 .debug_ranges  0x00000000000007b8       0x18 ./FreeRTOS/thermal.o
 .debug_ranges  0x00000000000007d0       0x70 ./main.o

.debug_macro    0x0000000000000000     0x5967
 .debug_macro   0x0000000000000000      0x1cb ./riscv_hal/init.o
 .debug_macro   0x00000000000001cb      0x748 ./riscv_hal/init.o
 .debug_macro   0x0000000000000913       0x19 ./riscv_hal/init.o
 .debug_macro   0x000000000000092c       0x22 ./riscv_hal/init.o
 .debug_macro   0x000000000000094e       0x52 ./riscv_hal/init.o
 .debug_macro   0x00000000000009a0       0x94 ./riscv_hal/init.o
 .debug_macro   0x0000000000000a34       0x34 ./riscv_hal/init.o
 .debug_macro   0x0000000000000a68       0x34 ./riscv_hal/init.o
 .debug_macro   0x0000000000000a9c       0x16 ./riscv_hal/init.o
 .debug_macro   0x0000000000000ab2      0x10e ./riscv_hal/init.o
 .debug_macro   0x0000000000000bc0       0x8d ./riscv_hal/init.o
 .debug_macro   0x0000000000000c4d       0x57 ./riscv_hal/init.o
 .debug_macro   0x0000000000000ca4       0x58 ./riscv_hal/init.o
 .debug_macro   0x0000000000000cfc       0x1f ./riscv_hal/init.o
 .debug_macro   0x0000000000000d1b       0x43 ./riscv_hal/init.o
 .debug_macro   0x0000000000000d5e       0x20 ./riscv_hal/init.o
 .debug_macro   0x0000000000000d7e      0x18e ./riscv_hal/init.o
 .debug_macro   0x0000000000000f0c      0x330 ./riscv_hal/init.o
 .debug_macro   0x000000000000123c       0x16 ./riscv_hal/init.o
 .debug_macro   0x0000000000001252       0x29 ./riscv_hal/init.o
 .debug_macro   0x000000000000127b       0xef ./riscv_hal/init.o
 .debug_macro   0x000000000000136a       0x6a ./riscv_hal/init.o
 .debug_macro   0x00000000000013d4      0x1df ./riscv_hal/init.o
 .debug_macro   0x00000000000015b3       0x16 ./riscv_hal/init.o
 .debug_macro   0x00000000000015c9       0x10 ./riscv_hal/init.o
 .debug_macro   0x00000000000015d9       0x35 ./riscv_hal/init.o
 .debug_macro   0x000000000000160e       0x1c ./riscv_hal/init.o
 .debug_macro   0x000000000000162a       0x52 ./riscv_hal/init.o
 .debug_macro   0x000000000000167c       0x40 ./riscv_hal/init.o
 .debug_macro   0x00000000000016bc       0x10 ./riscv_hal/init.o
 .debug_macro   0x00000000000016cc       0x40 ./riscv_hal/init.o
 .debug_macro   0x000000000000170c       0xd7 ./riscv_hal/init.o
 .debug_macro   0x00000000000017e3       0x1c ./riscv_hal/init.o
 .debug_macro   0x00000000000017ff       0x3d ./riscv_hal/init.o
 .debug_macro   0x000000000000183c      0x51a ./riscv_hal/init.o
 .debug_macro   0x0000000000001d56      0x2f8 ./riscv_hal/init.o
 .debug_macro   0x000000000000204e      0x30a ./riscv_hal/riscv_hal.o
 .debug_macro   0x0000000000002358       0x40 ./riscv_hal/riscv_hal.o
 .debug_macro   0x0000000000002398       0x28 ./riscv_hal/riscv_hal.o
 .debug_macro   0x00000000000023c0       0x16 ./riscv_hal/riscv_hal.o
 .debug_macro   0x00000000000023d6       0xfa ./riscv_hal/riscv_hal.o
 .debug_macro   0x00000000000024d0      0x15d ./riscv_hal/riscv_hal.o
 .debug_macro   0x000000000000262d       0xa6 ./riscv_hal/riscv_hal.o
 .debug_macro   0x00000000000026d3       0x10 ./riscv_hal/riscv_hal.o
 .debug_macro   0x00000000000026e3       0x1f ./riscv_hal/riscv_hal.o
 .debug_macro   0x0000000000002702      0x3ca ./riscv_hal/riscv_hal.o
 .debug_macro   0x0000000000002acc       0xc0 ./riscv_hal/riscv_hal.o
 .debug_macro   0x0000000000002b8c       0x9a ./riscv_hal/riscv_hal.o
 .debug_macro   0x0000000000002c26       0x70 ./riscv_hal/riscv_hal.o
 .debug_macro   0x0000000000002c96       0x10 ./riscv_hal/riscv_hal.o
 .debug_macro   0x0000000000002ca6       0x4c ./riscv_hal/riscv_hal.o
 .debug_macro   0x0000000000002cf2       0x58 ./riscv_hal/riscv_hal.o
 .debug_macro   0x0000000000002d4a       0x82 ./riscv_hal/riscv_hal.o
 .debug_macro   0x0000000000002dcc       0x2e ./riscv_hal/riscv_hal.o
 .debug_macro   0x0000000000002dfa       0x10 ./riscv_hal/riscv_hal.o
 .debug_macro   0x0000000000002e0a      0x165 ./riscv_hal/riscv_hal_stubs.o
 .debug_macro   0x0000000000002f6f       0x10 ./riscv_hal/riscv_hal_stubs.o
 .debug_macro   0x0000000000002f7f       0xcf ./riscv_hal/riscv_hal_stubs.o
 .debug_macro   0x000000000000304e       0xbe ./riscv_hal/riscv_hal_stubs.o
 .debug_macro   0x000000000000310c      0x2b2 ./riscv_hal/syscall.o
 .debug_macro   0x00000000000033be       0x8e ./riscv_hal/syscall.o
 .debug_macro   0x000000000000344c       0x51 ./riscv_hal/syscall.o
 .debug_macro   0x000000000000349d       0x58 ./riscv_hal/syscall.o
 .debug_macro   0x00000000000034f5       0x10 ./riscv_hal/syscall.o
 .debug_macro   0x0000000000003505      0x241 ./riscv_hal/syscall.o
 .debug_macro   0x0000000000003746       0x16 ./riscv_hal/syscall.o
 .debug_macro   0x000000000000375c       0x10 ./riscv_hal/syscall.o
 .debug_macro   0x000000000000376c       0x10 ./riscv_hal/syscall.o
 .debug_macro   0x000000000000377c       0x35 ./riscv_hal/syscall.o
 .debug_macro   0x00000000000037b1      0x122 ./riscv_hal/syscall.o
 .debug_macro   0x00000000000038d3       0x1c ./riscv_hal/syscall.o
 .debug_macro   0x00000000000038ef       0x10 ./riscv_hal/syscall.o
 .debug_macro   0x00000000000038ff       0x10 ./riscv_hal/syscall.o
 .debug_macro   0x000000000000390f       0x16 ./riscv_hal/syscall.o
 .debug_macro   0x0000000000003925      0x15a ./riscv_hal/syscall.o
 .debug_macro   0x0000000000003a7f       0x58 ./riscv_hal/syscall.o
 .debug_macro   0x0000000000003ad7      0x232 ./drivers/CoreUARTapb/core_uart_apb.o
 .debug_macro   0x0000000000003d09      0x106 ./drivers/CoreUARTapb/core_uart_apb.o
 .debug_macro   0x0000000000003e0f       0x16 ./drivers/CoreUARTapb/core_uart_apb.o
 .debug_macro   0x0000000000003e25       0x16 ./drivers/CoreUARTapb/core_uart_apb.o
 .debug_macro   0x0000000000003e3b       0x97 ./drivers/CoreUARTapb/core_uart_apb.o
 .debug_macro   0x0000000000003ed2       0xfd ./drivers/CoreUARTapb/core_uart_apb.o
 .debug_macro   0x0000000000003fcf      0x16f ./drivers/CoreUARTapb/core_uart_apb.o
 .debug_macro   0x000000000000413e      0x1ee ./FreeRTOS/portable/MemMang/heap_2.o
 .debug_macro   0x000000000000432c      0x1d0 ./FreeRTOS/portable/GCC/RISCV/port.o
 .debug_macro   0x00000000000044fc      0x174 ./FreeRTOS/portable/GCC/RISCV/port.o
 .debug_macro   0x0000000000004670       0x10 ./FreeRTOS/portable/GCC/RISCV/port.o
 .debug_macro   0x0000000000004680      0x1c0 ./FreeRTOS/list.o
 .debug_macro   0x0000000000004840      0x123 ./FreeRTOS/string.o
 .debug_macro   0x0000000000004963      0x111 ./FreeRTOS/string.o
 .debug_macro   0x0000000000004a74      0x25e ./FreeRTOS/tasks.o
 .debug_macro   0x0000000000004cd2       0x11 ./FreeRTOS/tasks.o
 .debug_macro   0x0000000000004ce3      0x226 ./FreeRTOS/chronos.o
 .debug_macro   0x0000000000004f09       0x1c ./FreeRTOS/chronos.o
 .debug_macro   0x0000000000004f25       0x22 ./FreeRTOS/chronos.o
 .debug_macro   0x0000000000004f47      0x211 ./FreeRTOS/globalMaster.o
 .debug_macro   0x0000000000005158       0x1c ./FreeRTOS/globalMaster.o
 .debug_macro   0x0000000000005174      0x215 ./FreeRTOS/applications.o
 .debug_macro   0x0000000000005389      0x1fc ./FreeRTOS/packet.o
 .debug_macro   0x0000000000005585       0x46 ./FreeRTOS/packet.o
 .debug_macro   0x00000000000055cb       0x1a ./FreeRTOS/dvfs.o
 .debug_macro   0x00000000000055e5       0x2e ./FreeRTOS/dvfs.o
 .debug_macro   0x0000000000005613       0x1a ./FreeRTOS/thermal.o
 .debug_macro   0x000000000000562d       0x1c ./FreeRTOS/thermal.o
 .debug_macro   0x0000000000005649      0x31e ./main.o

.comment        0x0000000000000000       0x39
 .comment       0x0000000000000000       0x39 ./riscv_hal/init.o
                                         0x3a (size before relaxing)
 .comment       0x0000000000000039       0x3a ./riscv_hal/riscv_hal.o
 .comment       0x0000000000000039       0x3a ./riscv_hal/riscv_hal_stubs.o
 .comment       0x0000000000000039       0x3a ./riscv_hal/syscall.o
 .comment       0x0000000000000039       0x3a ./drivers/CoreUARTapb/core_uart_apb.o
 .comment       0x0000000000000039       0x3a ./FreeRTOS/portable/MemMang/heap_2.o
 .comment       0x0000000000000039       0x3a ./FreeRTOS/portable/GCC/RISCV/port.o
 .comment       0x0000000000000039       0x3a ./FreeRTOS/list.o
 .comment       0x0000000000000039       0x3a ./FreeRTOS/string.o
 .comment       0x0000000000000039       0x3a ./FreeRTOS/tasks.o
 .comment       0x0000000000000039       0x3a ./FreeRTOS/chronos.o
 .comment       0x0000000000000039       0x3a ./FreeRTOS/globalMaster.o
 .comment       0x0000000000000039       0x3a ./FreeRTOS/applications.o
 .comment       0x0000000000000039       0x3a ./FreeRTOS/packet.o
 .comment       0x0000000000000039       0x3a ./FreeRTOS/dvfs.o
 .comment       0x0000000000000039       0x3a ./FreeRTOS/thermal.o
 .comment       0x0000000000000039       0x3a ./main.o

.debug_frame    0x0000000000000000     0x22a8
 .debug_frame   0x0000000000000000       0x94 ./riscv_hal/init.o
 .debug_frame   0x0000000000000094      0x288 ./riscv_hal/riscv_hal.o
 .debug_frame   0x000000000000031c      0x468 ./riscv_hal/riscv_hal_stubs.o
 .debug_frame   0x0000000000000784      0x2ec ./riscv_hal/syscall.o
 .debug_frame   0x0000000000000a70       0xf0 ./drivers/CoreUARTapb/core_uart_apb.o
 .debug_frame   0x0000000000000b60       0xbc ./FreeRTOS/portable/MemMang/heap_2.o
 .debug_frame   0x0000000000000c1c      0x1bc ./FreeRTOS/portable/GCC/RISCV/port.o
 .debug_frame   0x0000000000000dd8       0xb0 ./FreeRTOS/list.o
 .debug_frame   0x0000000000000e88       0xd0 ./FreeRTOS/string.o
 .debug_frame   0x0000000000000f58      0x7b8 ./FreeRTOS/tasks.o
 .debug_frame   0x0000000000001710      0x424 ./FreeRTOS/chronos.o
 .debug_frame   0x0000000000001b34      0x288 ./FreeRTOS/globalMaster.o
 .debug_frame   0x0000000000001dbc      0x110 ./FreeRTOS/applications.o
 .debug_frame   0x0000000000001ecc       0xb4 ./FreeRTOS/packet.o
 .debug_frame   0x0000000000001f80       0xbc ./FreeRTOS/dvfs.o
 .debug_frame   0x000000000000203c       0x58 ./FreeRTOS/thermal.o
 .debug_frame   0x0000000000002094      0x1c4 ./main.o
 .debug_frame   0x0000000000002258       0x20 /soft64/Imperas.20210408/lib/Linux64/CrossCompiler/riscv-none-embed/bin/../lib/gcc/riscv-none-embed/8.1.0/../../../../riscv-none-embed/lib/rv32im/ilp32/libg_nano.a(lib_a-syswrite.o)
 .debug_frame   0x0000000000002278       0x30 /soft64/Imperas.20210408/lib/Linux64/CrossCompiler/riscv-none-embed/bin/../lib/gcc/riscv-none-embed/8.1.0/../../../../riscv-none-embed/lib/rv32im/ilp32/libg_nano.a(lib_a-writer.o)
